03-01 22:20:07.049  2075  2089 D OplusFlexibleWindowMinimizedManagerHelper: onTaskInfoChanged taskInfo:TaskInfo{userId=0 taskId=1868 displayId=0 isRunning=true baseIntent=Intent { act=android.intent.action.MAIN cat=[android.intent.category.LAUNCHER] flg=0x10200000 cmp=com.infexor.infexor_chat/.MainActivity mCallingUid=10191 } baseActivity=ComponentInfo{com.infexor.infexor_chat/com.infexor.infexor_chat.MainActivity} topActivity=ComponentInfo{com.infexor.infexor_chat/com.infexor.infexor_chat.MainActivity} origActivity=null realActivity=ComponentInfo{com.infexor.infexor_chat/com.infexor.infexor_chat.MainActivity} numActivities=1 lastActiveTime=2020955547 supportsSplitScreenMultiWindow=true supportsMultiWindow=true supportsPocketStudioMultiWindow=true isInFlexibleEmbedded = false uid = 10770 pid = 1132 resizeMode=2 isResizeable=true minWidth=-1 minHeight=-1 defaultMinSize=220 token=WCT{RemoteToken{e860c10 Task{c3dce55 #1868 type=standard I=com.infexor.infexor_chat/.MainActivity}}} topActivityType=1 pictureInPictureParams=null shouldDockBigOverlays=false launchIntoPipHostTaskId=-1 lastParentTaskIdBeforePip=-1 displayCutoutSafeInsets=null topActivityInfo=ActivityInfo{432096c com.infexor.infexor_chat.MainActivity} launchCookies=[android.os.BinderProxy@db51b35] positionInParent=Point(0, 0) parentTaskId=-1 isFocused=true isVisible=true isVisibleRequested=true isSleeping=false locusId=null displayAreaFeatureId=1 isTopActivityTransparent=false appCompatTaskInfo=AppCompatTaskInfo { topActivityInSizeCompat=false topActivityInOplusCompatMode=false topActivityEligibleForLetterboxEducation= falseisLetterboxEducationEnabled= false isLetterboxDoubleTapEnabled= false topActivityEligibleForUserAspectRatioButton= false topActivityBoundsLetterboxed= false isFromLetterboxDoubleTap= false topActivityLetterboxVerticalPosition= -1 topActivityLetterboxHorizontalPosition= -1 topActivityLetterboxWidth=720 topActivityLetterboxHeight=1604 isUserFullscreenOverrideEnabled=false isSystemFullscreenOverrideEnabled=false cameraCompatTaskInfo=CameraCompatTaskInfo { cameraCompatControlState=hidden freeformCameraCompatMode=inactive}} topActivityLetterboxInsets=Rect(0, 0 - 0, 0) mOplusExtraBundle = Bundle[{androidx.flexible.taskFrame=Rect(0, 0 - 0, 0), key_flexible_task_state=0, androidx.activity.LaunchScenario=0, androidx.activity.LaunchScale=1.0}]} task:Task{c3dce55 #1868 type=standard I=com.infexor.infexor_chat/.MainActivity}
03-01 22:20:07.050  2075  2089 D OplusFlexibleDragToSplitAnimController: visibleFlexibleTaskInfos delete:1868
03-01 22:20:07.290  2075  2761 D WindowManager: setFrameRateStart invalid typeId return!
03-01 22:20:07.296  2585  2585 W VRI[StatusBar]: handleResized abandoned!
03-01 22:20:07.296  2585  2585 W VRI[NavigationBar_displayId_0]: handleResized abandoned!
03-01 22:20:07.297  2585  2702 D WindowManagerShell: onKeepClearAreasChanged: restricted={}, unrestricted={}
03-01 22:20:07.300  2075  2105 V WindowStateExtImpl: notifyWindowStateChange input show
03-01 22:20:07.300  1132  1132 W VRI[MainActivity]: handleResized abandoned!
03-01 22:20:07.483  2075  2152 D OplusThermalStats: REPORT_UPDATE_CPU  ->  phoneTemp:350  preHeatThreshold:400
03-01 22:20:07.508  2075  2172 D OplusDisplayBrightnessBroadcastReceiver: onReceive action = android.intent.action.BATTERY_CHANGED , listeners = [com.android.server.display.OplusFeatureHDREnhanceBrightness$PhoneInfoReceiver@2e7d5fa, com.android.server.display.OplusFeatureEdrEnhanceBrightness$PhoneInfoReceiver@94477ab]
03-01 22:20:07.510  2075  2568 W ActivityManager: Unable to start service Intent { act=deepthinker.intent.action.BIND_INTERFACE_SERVER pkg=com.oplus.deepthinker mCallingUid=1000 } U=0: not found
03-01 22:20:07.554  2075  2144 D ProcessCpuTrackerExtImpl: mContext is already set, return now! 
03-01 22:20:07.618  2075  2258 W PackageConfigPersister: App-specific configuration not found for packageName: com.infexor.infexor_chat and userId: 0
03-01 22:20:08.131  2075  2089 D WindowManagerServiceExtImpl: extractConfigInfoAndRealFlags rotation=0, screenDp=360, residentWS:0, win=Window{fd5047c u0 InputMethod}
03-01 22:20:08.132  2075  2089 V WindowManager: Relayout Window{fd5047c u0 InputMethod}: viewVisibility=8, oldvis=0, req=720x1521, vsysui=
03-01 22:20:08.137  2075  2089 I WindowManager: Window{fd5047c u0 InputMethod} state from HAS_DRAWN to NO_SURFACE; reason: destroySurface
03-01 22:20:08.156  2075  2089 D WindowManager: NFW_findFocusedWindowIfNeeded:Window{1152e92 u0 com.infexor.infexor_chat/com.infexor.infexor_chat.MainActivity} mCurrentFocus:Window{1152e92 u0 com.infexor.infexor_chat/com.infexor.infexor_chat.MainActivity}
03-01 22:20:08.156  1132  1132 W VRI[MainActivity]: handleResized abandoned!
03-01 22:20:08.157  2585  2585 W VRI[StatusBar]: handleResized abandoned!
03-01 22:20:08.157  2585  2585 W VRI[NavigationBar_displayId_0]: handleResized abandoned!
03-01 22:20:08.166  1132  1132 W VRI[MainActivity]: handleResized abandoned!
03-01 22:20:08.166  2585  2585 W VRI[StatusBar]: handleResized abandoned!
03-01 22:20:08.166  2585  2585 W VRI[NavigationBar_displayId_0]: handleResized abandoned!
03-01 22:20:08.423  2075  2568 D CompatChangeReporter: Compat change id reported: 297989574; UID 10384; state: ENABLED
03-01 22:20:08.459  2075  2568 D CompatChangeReporter: Compat change id reported: 319212206; UID 10384; state: ENABLED
03-01 22:20:08.548  2075  2089 I ActivityManager: Flag disabled. Ignoring finishAttachApplication from uid: 10384. pid: 1557
03-01 22:20:08.726  2075  2258 D VRR [OPlusExternalRefreshRateManager]: isPkgTfcEnable: pkgName = com.tul.tatacliq, enable = false
03-01 22:20:08.726  2075  2258 D VRR [OPlusExternalRefreshRateManager]: getTfcMinFramerate: pkgName = com.tul.tatacliq, min framerate = 0
03-01 22:20:09.709  2075  2220 D OplusDexOptimizeManager:  Do not in AppLaunchOptList! com.infexor.infexor_chat or need repair:false
03-01 22:20:10.485  2075  2170 D PowerManagerService: userActivityNoUpdateLocked: groupId=0, eventTime=834605118, event=touch, flags=0x0, uid=1000
03-01 22:20:10.554  2075  2332 D InputMethodManagerService: isSecurity: attribute.packageName = com.infexor.infexor_chat mCurMethodId = com.google.android.inputmethod.latin/com.android.inputmethod.latin.LatinIME isSecurity = false ( enable = false needShow = false inBlackList = false isExist = true )
03-01 22:20:10.558  2075  2568 V AutofillSession: Primary service component name: ComponentInfo{com.google.android.gms/com.google.android.gms.autofill.service.AutofillService}, secondary service component name: ComponentInfo{com.android.credentialmanager/com.android.credentialmanager.autofill.CredentialAutofillService}
03-01 22:20:10.558  2075  2568 V SecondaryProviderHandler: Creating a secondary provider handler with component name, ComponentInfo{com.android.credentialmanager/com.android.credentialmanager.autofill.CredentialAutofillService}
03-01 22:20:10.559  2075  2568 W FillRequestEventLogger: Couldn't find packageName: com.google.android.inputmethod.latin
03-01 22:20:10.561  2075  4634 W PackageConfigPersister: App-specific configuration not found for packageName: com.infexor.infexor_chat and userId: 0
03-01 22:20:10.561  2075  2332 I FlexibleTaskController: onShowImeRequested
03-01 22:20:10.562  2075  2568 D AutofillSession: createPendingIntent for request 3970
03-01 22:20:10.563  2075  2568 D ContentCapturePerUserService: Notified activity assist data for activity: Token{1be75f8 ActivityRecord{6ea6c5e u0 com.infexor.infexor_chat/.MainActivity t1868}} without a session Id
03-01 22:20:10.606  2075  2089 D WindowManagerServiceExtImpl: extractConfigInfoAndRealFlags rotation=0, screenDp=360, residentWS:0, win=Window{fd5047c u0 InputMethod}
03-01 22:20:10.607  2075  2089 V WindowManager: Relayout Window{fd5047c u0 InputMethod}: viewVisibility=0, oldvis=8, req=720x1521, vsysui=, x=0, y=0
03-01 22:20:10.607  2075  2089 I WindowManager: Window{fd5047c u0 InputMethod} state from NO_SURFACE to DRAW_PENDING; reason: resetDrawState
03-01 22:20:10.613  1132  1132 W VRI[MainActivity]: handleResized abandoned!
03-01 22:20:10.614  2075  2089 D WindowManager: NFW_findFocusedWindowIfNeeded:Window{1152e92 u0 com.infexor.infexor_chat/com.infexor.infexor_chat.MainActivity} mCurrentFocus:Window{1152e92 u0 com.infexor.infexor_chat/com.infexor.infexor_chat.MainActivity}
03-01 22:20:10.615 29276 29276 W VRI[InputMethod]: updateBlastSurfaceIfNeeded, surfaceSize:Point(720, 1521), lastSurfaceSize:Point(720, 1521), format:-2, blastBufferQueue:null
03-01 22:20:10.616  2585  2585 W VRI[StatusBar]: handleResized abandoned!
03-01 22:20:10.616  2585  2585 W VRI[NavigationBar_displayId_0]: handleResized abandoned!
03-01 22:20:10.629  1132  1132 W VRI[MainActivity]: handleResized abandoned!
03-01 22:20:10.632  2585  2585 W VRI[StatusBar]: handleResized abandoned!
03-01 22:20:10.632  2585  2585 W VRI[NavigationBar_displayId_0]: handleResized abandoned!
03-01 22:20:10.632  2075  2089 I WindowManager: Window{fd5047c u0 InputMethod} state from DRAW_PENDING to COMMIT_DRAW_PENDING; reason: finishDrawingLocked
03-01 22:20:10.634  2075  2106 I WindowManager: Window{fd5047c u0 InputMethod} state from COMMIT_DRAW_PENDING to READY_TO_SHOW; reason: commitFinishDrawingLocked
03-01 22:20:10.639  2075  2089 D OplusAppQuickStart_AppQuickStartController: reportImeDrawnOnTask taskid:1868 mCurrentAppStartingSurface:OplusAppQuickStartingSurface{mSurfaceControl=null, mActivityRecord=ActivityRecord{6ea6c5e u0 com.infexor.infexor_chat/.MainActivity t1868}, mTask=Task{c3dce55 #1868 type=standard I=com.infexor.infexor_chat/.MainActivity}, mStartFromRecents=false, mStartFromSlide=false, mIsMovingToBack=true}
03-01 22:20:10.641  2075  2089 D WindowManager: setFrameRateStart invalid typeId return!
03-01 22:20:10.642  2075  2105 V WindowStateExtImpl: notifyWindowStateChange input show
03-01 22:20:10.650  2075  2105 I WindowManager: Window{fd5047c u0 InputMethod} state from READY_TO_SHOW to HAS_DRAWN; reason: performShowLocked
03-01 22:20:10.653  1132  1132 W VRI[MainActivity]: handleResized abandoned!
03-01 22:20:10.654 29276 29276 W VRI[InputMethod]: handleResized abandoned!
03-01 22:20:10.654  2585  2585 W VRI[StatusBar]: handleResized abandoned!
03-01 22:20:10.654  2585  2585 W VRI[NavigationBar_displayId_0]: handleResized abandoned!
03-01 22:20:10.655  2585  2702 D WindowManagerShell: onKeepClearAreasChanged: restricted={}, unrestricted={Rect(0, 1006 - 720, 1516)}
03-01 22:20:10.655  2075  2075 W FillRequestEventLogger: Shouldn't be logging AutofillFillRequestReported again for same event
03-01 22:20:10.655  2075  2075 W FillResponseEventLogger: Shouldn't be logging AutofillFillRequestReported again for same event
03-01 22:20:10.655  2075  2075 D AutofillSession: clearPendingIntentLocked
03-01 22:20:10.657  2075  2075 I ServiceConnector.Impl: unbindJobThread: connection = ServiceConnector@318(Intent { act=android.service.autofill.AutofillService cmp=com.google.android.gms/.autofill.service.AutofillService mCallingUid=1000 }, user: 0)[Unbinding...]service = android.service.autofill.IAutoFillService$Stub$Proxy@cdccffa mBinding = false
03-01 22:20:10.660  2075  2075 I ServiceConnector.Impl: unbindJobThread: connection = ServiceConnector@955(Intent { act=android.service.autofill.AutofillService cmp=com.android.credentialmanager/.autofill.CredentialAutofillService }, user: 0)[Unbinding...]service = null mBinding = false
03-01 22:20:10.660  2075  2075 E ServiceConnector.Impl: Failed to unbind: java.lang.IllegalArgumentException: Service not registered: ServiceConnector@955(Intent { act=android.service.autofill.AutofillService cmp=com.android.credentialmanager/.autofill.CredentialAutofillService }, user: 0)[Unbinding...]
03-01 22:20:16.075  2075  2529 D OAppNetControlService: Hans update:[10384=true][0|0] blackList:[10383, 10384]
03-01 22:20:16.658  2075  3002 D OplusProxyWakeLock: check proxy worksource [ 10370] failed, reason:TAG_NULL ,tag: *job*
03-01 22:20:20.184  2075  2170 D PowerManagerService: userActivityNoUpdateLocked: groupId=0, eventTime=834614818, event=touch, flags=0x0, uid=1000
03-01 22:20:20.318  2075  2170 D PowerManagerService: userActivityNoUpdateLocked: groupId=0, eventTime=834614952, event=touch, flags=0x0, uid=1000
03-01 22:20:20.344  2075  2332 D InputMethodManagerService: isSecurity: attribute.packageName = com.infexor.infexor_chat mCurMethodId = com.google.android.inputmethod.latin/com.android.inputmethod.latin.LatinIME isSecurity = false ( enable = false needShow = false inBlackList = false isExist = true )
03-01 22:20:20.349  2075  2332 I FlexibleTaskController: onShowImeRequested
03-01 22:20:20.352  2075  2332 I FlexibleTaskController: onShowImeRequested
03-01 22:20:20.353  2075  2568 V AutofillSession: Primary service component name: ComponentInfo{com.google.android.gms/com.google.android.gms.autofill.service.AutofillService}, secondary service component name: ComponentInfo{com.android.credentialmanager/com.android.credentialmanager.autofill.CredentialAutofillService}
03-01 22:20:20.353  2075  2568 V SecondaryProviderHandler: Creating a secondary provider handler with component name, ComponentInfo{com.android.credentialmanager/com.android.credentialmanager.autofill.CredentialAutofillService}
03-01 22:20:20.353  2075  3131 W PackageConfigPersister: App-specific configuration not found for packageName: com.infexor.infexor_chat and userId: 0
03-01 22:20:20.353  2075  2568 W FillRequestEventLogger: Couldn't find packageName: com.google.android.inputmethod.latin
03-01 22:20:20.360  2075  2332 I FlexibleTaskController: onShowImeRequested
03-01 22:20:20.363  2075  2568 D AutofillSession: createPendingIntent for request 3972
03-01 22:20:20.363  2075  2568 D ContentCapturePerUserService: Notified activity assist data for activity: Token{1be75f8 ActivityRecord{6ea6c5e u0 com.infexor.infexor_chat/.MainActivity t1868}} without a session Id
03-01 22:20:20.481  2075  2075 W FillRequestEventLogger: Shouldn't be logging AutofillFillRequestReported again for same event
03-01 22:20:20.481  2075  2075 W FillResponseEventLogger: Shouldn't be logging AutofillFillRequestReported again for same event
03-01 22:20:20.481  2075  2075 D AutofillSession: clearPendingIntentLocked
03-01 22:20:20.483  2075  2075 I ServiceConnector.Impl: unbindJobThread: connection = ServiceConnector@456(Intent { act=android.service.autofill.AutofillService cmp=com.google.android.gms/.autofill.service.AutofillService mCallingUid=1000 }, user: 0)[Unbinding...]service = android.service.autofill.IAutoFillService$Stub$Proxy@ff10be5 mBinding = false
03-01 22:20:20.486  2075  2075 I ServiceConnector.Impl: unbindJobThread: connection = ServiceConnector@826(Intent { act=android.service.autofill.AutofillService cmp=com.android.credentialmanager/.autofill.CredentialAutofillService }, user: 0)[Unbinding...]service = null mBinding = false
03-01 22:20:20.486  2075  2075 E ServiceConnector.Impl: Failed to unbind: java.lang.IllegalArgumentException: Service not registered: ServiceConnector@826(Intent { act=android.service.autofill.AutofillService cmp=com.android.credentialmanager/.autofill.CredentialAutofillService }, user: 0)[Unbinding...]
03-01 22:20:20.487  2075  2170 D PowerManagerService: userActivityNoUpdateLocked: groupId=0, eventTime=834615118, event=touch, flags=0x0, uid=1000
03-01 22:20:20.582  2075  2170 D PowerManagerService: userActivityNoUpdateLocked: groupId=0, eventTime=834615218, event=touch, flags=0x0, uid=1000
03-01 22:20:20.639  2075  2332 D InputMethodManagerService: isSecurity: attribute.packageName = com.infexor.infexor_chat mCurMethodId = com.google.android.inputmethod.latin/com.android.inputmethod.latin.LatinIME isSecurity = false ( enable = false needShow = false inBlackList = false isExist = true )
03-01 22:20:20.641  2075  2332 I FlexibleTaskController: onShowImeRequested
03-01 22:20:20.641  2075  3131 V AutofillSession: Primary service component name: ComponentInfo{com.google.android.gms/com.google.android.gms.autofill.service.AutofillService}, secondary service component name: ComponentInfo{com.android.credentialmanager/com.android.credentialmanager.autofill.CredentialAutofillService}
03-01 22:20:20.642  2075  3131 V SecondaryProviderHandler: Creating a secondary provider handler with component name, ComponentInfo{com.android.credentialmanager/com.android.credentialmanager.autofill.CredentialAutofillService}
03-01 22:20:20.643  2075  3131 W FillRequestEventLogger: Couldn't find packageName: com.google.android.inputmethod.latin
03-01 22:20:20.643  2075  2258 W PackageConfigPersister: App-specific configuration not found for packageName: com.infexor.infexor_chat and userId: 0
03-01 22:20:20.643  2075  2332 I FlexibleTaskController: onShowImeRequested
03-01 22:20:20.651  2075  2332 I FlexibleTaskController: onShowImeRequested
03-01 22:20:20.652  2075  2568 D AutofillSession: createPendingIntent for request 3974
03-01 22:20:20.653  2075  2568 D ContentCapturePerUserService: Notified activity assist data for activity: Token{1be75f8 ActivityRecord{6ea6c5e u0 com.infexor.infexor_chat/.MainActivity t1868}} without a session Id
03-01 22:20:20.732  2075  2075 W FillRequestEventLogger: Shouldn't be logging AutofillFillRequestReported again for same event
03-01 22:20:20.732  2075  2075 W FillResponseEventLogger: Shouldn't be logging AutofillFillRequestReported again for same event
03-01 22:20:20.732  2075  2075 D AutofillSession: clearPendingIntentLocked
03-01 22:20:20.733  2075  2075 I ServiceConnector.Impl: unbindJobThread: connection = ServiceConnector@118(Intent { act=android.service.autofill.AutofillService cmp=com.google.android.gms/.autofill.service.AutofillService mCallingUid=1000 }, user: 0)[Unbinding...]service = android.service.autofill.IAutoFillService$Stub$Proxy@c4404c2 mBinding = false
03-01 22:20:20.735  2075  2075 I ServiceConnector.Impl: unbindJobThread: connection = ServiceConnector@347(Intent { act=android.service.autofill.AutofillService cmp=com.android.credentialmanager/.autofill.CredentialAutofillService }, user: 0)[Unbinding...]service = null mBinding = false
03-01 22:20:20.736  2075  2075 E ServiceConnector.Impl: Failed to unbind: java.lang.IllegalArgumentException: Service not registered: ServiceConnector@347(Intent { act=android.service.autofill.AutofillService cmp=com.android.credentialmanager/.autofill.CredentialAutofillService }, user: 0)[Unbinding...]
03-01 22:20:20.851  2075  2170 D PowerManagerService: userActivityNoUpdateLocked: groupId=0, eventTime=834615484, event=touch, flags=0x0, uid=1000
03-01 22:20:20.968  2075  2170 D PowerManagerService: userActivityNoUpdateLocked: groupId=0, eventTime=834615601, event=touch, flags=0x0, uid=1000
03-01 22:20:20.985  2075  2332 D InputMethodManagerService: isSecurity: attribute.packageName = com.infexor.infexor_chat mCurMethodId = com.google.android.inputmethod.latin/com.android.inputmethod.latin.LatinIME isSecurity = false ( enable = false needShow = false inBlackList = false isExist = true )
03-01 22:20:20.990  2075  4634 V AutofillSession: Primary service component name: ComponentInfo{com.google.android.gms/com.google.android.gms.autofill.service.AutofillService}, secondary service component name: ComponentInfo{com.android.credentialmanager/com.android.credentialmanager.autofill.CredentialAutofillService}
03-01 22:20:20.990  2075  4634 V SecondaryProviderHandler: Creating a secondary provider handler with component name, ComponentInfo{com.android.credentialmanager/com.android.credentialmanager.autofill.CredentialAutofillService}
03-01 22:20:20.990  2075  2332 I FlexibleTaskController: onShowImeRequested
03-01 22:20:20.992  2075  4634 W FillRequestEventLogger: Couldn't find packageName: com.google.android.inputmethod.latin
03-01 22:20:20.993  2075  3131 W PackageConfigPersister: App-specific configuration not found for packageName: com.infexor.infexor_chat and userId: 0
03-01 22:20:20.993  2075  2332 I FlexibleTaskController: onShowImeRequested
03-01 22:20:21.008  2075  2332 I FlexibleTaskController: onShowImeRequested
03-01 22:20:21.012  2075  2258 D AutofillSession: createPendingIntent for request 3976
03-01 22:20:21.012  2075  2258 D ContentCapturePerUserService: Notified activity assist data for activity: Token{1be75f8 ActivityRecord{6ea6c5e u0 com.infexor.infexor_chat/.MainActivity t1868}} without a session Id
03-01 22:20:21.074  2075  2170 D PowerManagerService: userActivityNoUpdateLocked: groupId=0, eventTime=834615702, event=touch, flags=0x0, uid=1000
03-01 22:20:21.121  2075  2075 W FillRequestEventLogger: Shouldn't be logging AutofillFillRequestReported again for same event
03-01 22:20:21.121  2075  2075 W FillResponseEventLogger: Shouldn't be logging AutofillFillRequestReported again for same event
03-01 22:20:21.121  2075  2075 D AutofillSession: clearPendingIntentLocked
03-01 22:20:21.123  2075  2075 I ServiceConnector.Impl: unbindJobThread: connection = ServiceConnector@299(Intent { act=android.service.autofill.AutofillService cmp=com.google.android.gms/.autofill.service.AutofillService mCallingUid=1000 }, user: 0)[Unbinding...]service = android.service.autofill.IAutoFillService$Stub$Proxy@1d3dc1f mBinding = false
03-01 22:20:21.128  2075  2075 I ServiceConnector.Impl: unbindJobThread: connection = ServiceConnector@356(Intent { act=android.service.autofill.AutofillService cmp=com.android.credentialmanager/.autofill.CredentialAutofillService }, user: 0)[Unbinding...]service = null mBinding = false
03-01 22:20:21.128  2075  2075 E ServiceConnector.Impl: Failed to unbind: java.lang.IllegalArgumentException: Service not registered: ServiceConnector@356(Intent { act=android.service.autofill.AutofillService cmp=com.android.credentialmanager/.autofill.CredentialAutofillService }, user: 0)[Unbinding...]
03-01 22:20:21.143  2075  2332 D InputMethodManagerService: isSecurity: attribute.packageName = com.infexor.infexor_chat mCurMethodId = com.google.android.inputmethod.latin/com.android.inputmethod.latin.LatinIME isSecurity = false ( enable = false needShow = false inBlackList = false isExist = true )
03-01 22:20:21.146  2075  2332 I FlexibleTaskController: onShowImeRequested
03-01 22:20:21.148  2075  2332 I FlexibleTaskController: onShowImeRequested
03-01 22:20:21.148  2075  6112 W PackageConfigPersister: App-specific configuration not found for packageName: com.infexor.infexor_chat and userId: 0
03-01 22:20:21.148  2075  2761 V AutofillSession: Primary service component name: ComponentInfo{com.google.android.gms/com.google.android.gms.autofill.service.AutofillService}, secondary service component name: ComponentInfo{com.android.credentialmanager/com.android.credentialmanager.autofill.CredentialAutofillService}
03-01 22:20:21.149  2075  2761 V SecondaryProviderHandler: Creating a secondary provider handler with component name, ComponentInfo{com.android.credentialmanager/com.android.credentialmanager.autofill.CredentialAutofillService}
03-01 22:20:21.150  2075  2761 W FillRequestEventLogger: Couldn't find packageName: com.google.android.inputmethod.latin
03-01 22:20:21.162  2075  2332 I FlexibleTaskController: onShowImeRequested
03-01 22:20:21.166  2075  6112 D AutofillSession: createPendingIntent for request 3978
03-01 22:20:21.166  2075  6112 D ContentCapturePerUserService: Notified activity assist data for activity: Token{1be75f8 ActivityRecord{6ea6c5e u0 com.infexor.infexor_chat/.MainActivity t1868}} without a session Id
03-01 22:20:21.241  2075  2075 W FillRequestEventLogger: Shouldn't be logging AutofillFillRequestReported again for same event
03-01 22:20:21.241  2075  2075 W FillResponseEventLogger: Shouldn't be logging AutofillFillRequestReported again for same event
03-01 22:20:21.242  2075  2075 D AutofillSession: clearPendingIntentLocked
03-01 22:20:21.249  2075  2075 I ServiceConnector.Impl: unbindJobThread: connection = ServiceConnector@796(Intent { act=android.service.autofill.AutofillService cmp=com.google.android.gms/.autofill.service.AutofillService mCallingUid=1000 }, user: 0)[Unbinding...]service = android.service.autofill.IAutoFillService$Stub$Proxy@4a27188 mBinding = false
03-01 22:20:21.254  2075  2075 I ServiceConnector.Impl: unbindJobThread: connection = ServiceConnector@465(Intent { act=android.service.autofill.AutofillService cmp=com.android.credentialmanager/.autofill.CredentialAutofillService }, user: 0)[Unbinding...]service = null mBinding = false
03-01 22:20:21.255  2075  2075 E ServiceConnector.Impl: Failed to unbind: java.lang.IllegalArgumentException: Service not registered: ServiceConnector@465(Intent { act=android.service.autofill.AutofillService cmp=com.android.credentialmanager/.autofill.CredentialAutofillService }, user: 0)[Unbinding...]
03-01 22:20:21.383  2075  2170 D PowerManagerService: userActivityNoUpdateLocked: groupId=0, eventTime=834616018, event=touch, flags=0x0, uid=1000
03-01 22:20:21.499  2075  2170 D PowerManagerService: userActivityNoUpdateLocked: groupId=0, eventTime=834616135, event=touch, flags=0x0, uid=1000
03-01 22:20:21.507  2075  2332 D InputMethodManagerService: isSecurity: attribute.packageName = com.infexor.infexor_chat mCurMethodId = com.google.android.inputmethod.latin/com.android.inputmethod.latin.LatinIME isSecurity = false ( enable = false needShow = false inBlackList = false isExist = true )
03-01 22:20:21.509  2075  2332 I FlexibleTaskController: onShowImeRequested
03-01 22:20:21.509  2075  3131 V AutofillSession: Primary service component name: ComponentInfo{com.google.android.gms/com.google.android.gms.autofill.service.AutofillService}, secondary service component name: ComponentInfo{com.android.credentialmanager/com.android.credentialmanager.autofill.CredentialAutofillService}
03-01 22:20:21.510  2075  3131 V SecondaryProviderHandler: Creating a secondary provider handler with component name, ComponentInfo{com.android.credentialmanager/com.android.credentialmanager.autofill.CredentialAutofillService}
03-01 22:20:21.510  2075  2332 I FlexibleTaskController: onShowImeRequested
03-01 22:20:21.511  2075  2761 W PackageConfigPersister: App-specific configuration not found for packageName: com.infexor.infexor_chat and userId: 0
03-01 22:20:21.511  2075  3131 W FillRequestEventLogger: Couldn't find packageName: com.google.android.inputmethod.latin
03-01 22:20:21.520  2075  2332 I FlexibleTaskController: onShowImeRequested
03-01 22:20:21.523  2075  2761 D AutofillSession: createPendingIntent for request 3980
03-01 22:20:21.523  2075  2761 D ContentCapturePerUserService: Notified activity assist data for activity: Token{1be75f8 ActivityRecord{6ea6c5e u0 com.infexor.infexor_chat/.MainActivity t1868}} without a session Id
03-01 22:20:21.575  2075  2306 V AlarmManager: sending alarm Alarm{76d4382 type 3 origWhen 2020958867 whenElapsed 2020958867 android} uid 1000 whenElapsed 2020958867 windowLength 24209 maxWhenElapsed 2020983076 repeatInterval 0 action null component null tag *job.delay* flags 0x0 procName system_server
03-01 22:20:21.576  2075  2306 V AlarmManager: sending alarm Alarm{68cfad0 type 3 origWhen 2020953421 whenElapsed 2020953421 com.google.android.gms} uid 10111 whenElapsed 2020953421 windowLength 23005 maxWhenElapsed 2020976426 repeatInterval 0 action com.google.android.gms.gcm.ACTION_CHECK_QUEUE component ComponentInfo{com.google.android.gms/com.google.android.gms.gcm.nts.SchedulerInternalReceiver} flags 0x0 procName com.google.android.gms.persistent
03-01 22:20:21.603  2075  2075 W FillRequestEventLogger: Shouldn't be logging AutofillFillRequestReported again for same event
03-01 22:20:21.603  2075  2075 W FillResponseEventLogger: Shouldn't be logging AutofillFillRequestReported again for same event
03-01 22:20:21.603  2075  2075 D AutofillSession: clearPendingIntentLocked
03-01 22:20:21.605  2075  2075 I ServiceConnector.Impl: unbindJobThread: connection = ServiceConnector@78(Intent { act=android.service.autofill.AutofillService cmp=com.google.android.gms/.autofill.service.AutofillService mCallingUid=1000 }, user: 0)[Unbinding...]service = android.service.autofill.IAutoFillService$Stub$Proxy@95553e8 mBinding = false
03-01 22:20:21.617  2075  2075 I ServiceConnector.Impl: unbindJobThread: connection = ServiceConnector@174(Intent { act=android.service.autofill.AutofillService cmp=com.android.credentialmanager/.autofill.CredentialAutofillService }, user: 0)[Unbinding...]service = null mBinding = false
03-01 22:20:21.617  2075  2075 E ServiceConnector.Impl: Failed to unbind: java.lang.IllegalArgumentException: Service not registered: ServiceConnector@174(Intent { act=android.service.autofill.AutofillService cmp=com.android.credentialmanager/.autofill.CredentialAutofillService }, user: 0)[Unbinding...]
03-01 22:20:21.782  2075  2170 D PowerManagerService: userActivityNoUpdateLocked: groupId=0, eventTime=834616417, event=touch, flags=0x0, uid=1000
03-01 22:20:22.475  2075  2332 D InputMethodManagerService: isSecurity: attribute.packageName = com.infexor.infexor_chat mCurMethodId = com.google.android.inputmethod.latin/com.android.inputmethod.latin.LatinIME isSecurity = false ( enable = false needShow = false inBlackList = false isExist = true )
03-01 22:20:22.478  2075  6830 V AutofillSession: Primary service component name: ComponentInfo{com.google.android.gms/com.google.android.gms.autofill.service.AutofillService}, secondary service component name: ComponentInfo{com.android.credentialmanager/com.android.credentialmanager.autofill.CredentialAutofillService}
03-01 22:20:22.478  2075  6830 V SecondaryProviderHandler: Creating a secondary provider handler with component name, ComponentInfo{com.android.credentialmanager/com.android.credentialmanager.autofill.CredentialAutofillService}
03-01 22:20:22.478  2075  2332 I FlexibleTaskController: onShowImeRequested
03-01 22:20:22.478  2075  6830 W FillRequestEventLogger: Couldn't find packageName: com.google.android.inputmethod.latin
03-01 22:20:22.480  2075  2332 I FlexibleTaskController: onShowImeRequested
03-01 22:20:22.487  2075  3121 W PackageConfigPersister: App-specific configuration not found for packageName: com.infexor.infexor_chat and userId: 0
03-01 22:20:22.502  2075  2568 D AutofillSession: createPendingIntent for request 3982
03-01 22:20:22.503  2075  2568 D ContentCapturePerUserService: Notified activity assist data for activity: Token{1be75f8 ActivityRecord{6ea6c5e u0 com.infexor.infexor_chat/.MainActivity t1868}} without a session Id
03-01 22:20:22.619  2075  2075 W FillRequestEventLogger: Shouldn't be logging AutofillFillRequestReported again for same event
03-01 22:20:22.619  2075  2075 W FillResponseEventLogger: Shouldn't be logging AutofillFillRequestReported again for same event
03-01 22:20:22.620  2075  2075 D AutofillSession: clearPendingIntentLocked
03-01 22:20:22.621  2075  2075 I ServiceConnector.Impl: unbindJobThread: connection = ServiceConnector@171(Intent { act=android.service.autofill.AutofillService cmp=com.google.android.gms/.autofill.service.AutofillService mCallingUid=1000 }, user: 0)[Unbinding...]service = android.service.autofill.IAutoFillService$Stub$Proxy@3ad19bf mBinding = false
03-01 22:20:22.623  2075  2075 I ServiceConnector.Impl: unbindJobThread: connection = ServiceConnector@700(Intent { act=android.service.autofill.AutofillService cmp=com.android.credentialmanager/.autofill.CredentialAutofillService }, user: 0)[Unbinding...]service = null mBinding = false
03-01 22:20:22.624  2075  2075 E ServiceConnector.Impl: Failed to unbind: java.lang.IllegalArgumentException: Service not registered: ServiceConnector@700(Intent { act=android.service.autofill.AutofillService cmp=com.android.credentialmanager/.autofill.CredentialAutofillService }, user: 0)[Unbinding...]
03-01 22:20:24.985  2075  3131 W BatteryExternalStatsWorker: error reading Bluetooth stats: 11
03-01 22:20:26.092  2075  2328 D OplusScreenOffTorchHelper: not handle with onVolumeKey,mFlashLightEnable = false,mFlashLightAvailable=true,mCameraId = 0 mVolumeDownPressEnabled=false
03-01 22:20:26.092  2075  2328 I OplusJoystickManager: read game pad state for game manager -> false
03-01 22:20:26.092  2075  2328 W OplusJoystickManager: mInterceptGamepadKey is false
03-01 22:20:26.096  2075  2328 D OplusCustomizeRestrictionManagerService: isLongPressVolumeUpDisabled start
03-01 22:20:26.098  2075  2328 D StrategyBlackscreenshot: notifyKeyBeforeQueueing, event=KeyEvent { action=ACTION_DOWN, keyCode=KEYCODE_VOLUME_DOWN, scanCode=114, metaState=0, flags=0x8, repeatCount=0, eventTime=834620708185000, downTime=834620708185000, deviceId=2, source=0x101, displayId=-1 }, interactive=true
03-01 22:20:26.104  2075  2328 I VibratorManagerServiceExtImpl: cancelVibrate uid=1000, pid=2075, usageFilter=-15, token=157391300
03-01 22:20:26.115  2075  2170 D PowerManagerService: userActivityNoUpdateLocked: groupId=0, eventTime=834620708, event=button, flags=0x0, uid=1000
03-01 22:20:26.116  2075  2327 D OplusCustomizeRestrictionManagerService: isLongPressVolumeUpDisabled start
03-01 22:20:26.131  2075  2328 I OplusKeyEventUtil: mIsPowerKeyDown =true
03-01 22:20:26.132  2075  2328 I OplusJoystickManager: read game pad state for game manager -> false
03-01 22:20:26.132  2075  2328 W OplusJoystickManager: mInterceptGamepadKey is false
03-01 22:20:26.132  2075  2328 D OplusCustomizeRestrictionManagerService: isLongPressVolumeUpDisabled start
03-01 22:20:26.132  2075  2328 D StrategyUnusedPhoneDetection: notifyKeyBeforeQueueing + keycode =26
03-01 22:20:26.132  2075  2328 D StrategyBlackscreenshot: notifyKeyBeforeQueueing, event=KeyEvent { action=ACTION_DOWN, keyCode=KEYCODE_POWER, scanCode=116, metaState=0, flags=0x8, repeatCount=0, eventTime=834620731820000, downTime=834620731820000, deviceId=3, source=0x101, displayId=-1 }, interactive=true
03-01 22:20:26.165  2075  2103 D WindowManager: logOutWindowState-key-screenshot displayId=0 DC.isOnTop()= true DC.isReady()= true DC.inTransition()= false DC.mWaitingForConfig= false DC.isRotationChanging= false DC.getFixedRotationLaunchingApp= null TC.isPlaying() = false TC.isCollecting() = false TC.inTransition() = false
03-01 22:20:26.165  2075  2568 D CompatChangeReporter: Compat change id reported: 151861875; UID 10128; state: ENABLED
03-01 22:20:26.170  2075  2103 D WindowManager:  mCurrentFocus =Window{1152e92 u0 com.infexor.infexor_chat/com.infexor.infexor_chat.MainActivity},drawState=HAS_DRAWN,w.getFrame() =Rect(0, 0 - 720, 1604),mSyncState=0,flags =-2122252032,canReceiveKeys = true,reasonfromTouch= false isVisibleRequestedOrAdding=true mViewVisibility=0 mRemoveOnExit=false flags=-2122252032 appWindowsAreFocusable=true canReceiveTouchInput=true displayIsOnTop=true displayIsTrusted=true transitShouldKeepFocus=false,isFocusable=true,mHasSurface=truemViewVisibility=0x0
03-01 22:20:26.170  2075  2103 D WindowManager:  isKeyguardLocked =false,isKeyguardOccluded=false,dc.isSleeping()=false
03-01 22:20:26.170  2075  2103 D WindowManager:  log WindowState end, mFocusedApp =ActivityRecord{6ea6c5e u0 com.infexor.infexor_chat/.MainActivity t1868}
03-01 22:20:26.182  2075  2132 I ActivityManager: Start proc 2255:com.oplus.screenshot/u0a128 for service {com.oplus.screenshot/com.oplus.screenshot.service.ScreenshotService}
03-01 22:20:26.199  2075  2328 I OplusJoystickManager: read game pad state for game manager -> false
03-01 22:20:26.199  2075  2328 W OplusJoystickManager: mInterceptGamepadKey is false
03-01 22:20:26.199  2075  2328 D OplusCustomizeRestrictionManagerService: isLongPressVolumeUpDisabled start
03-01 22:20:26.199  2075  2328 D StrategyBlackscreenshot: notifyKeyBeforeQueueing, event=KeyEvent { action=ACTION_DOWN, keyCode=KEYCODE_VOLUME_UP, scanCode=115, metaState=0, flags=0x8, repeatCount=0, eventTime=834620833268000, downTime=834620833268000, deviceId=3, source=0x101, displayId=-1 }, interactive=true
03-01 22:20:26.201  2075  2328 I VibratorManagerServiceExtImpl: cancelVibrate uid=1000, pid=2075, usageFilter=-15, token=157391300
03-01 22:20:26.222  2075  2327 D OplusCustomizeRestrictionManagerService: isLongPressVolumeUpDisabled start
03-01 22:20:26.223  2075  2170 D PowerManagerService: userActivityNoUpdateLocked: groupId=0, eventTime=834620833, event=button, flags=0x0, uid=1000
03-01 22:20:26.223  2075  2327 D OplusCustomizeRestrictionManagerService: isLongPressVolumeUpDisabled start
03-01 22:20:26.225  2075  2568 D ActivityTaskManagerServiceExtImpl: preBindApplication record is null
03-01 22:20:26.241  2075  2328 I OplusJoystickManager: read game pad state for game manager -> false
03-01 22:20:26.242  2075  2328 W OplusJoystickManager: mInterceptGamepadKey is false
03-01 22:20:26.242  2075  2328 D OplusCustomizeRestrictionManagerService: isLongPressVolumeUpDisabled start
03-01 22:20:26.242  2075  2328 D StrategyBlackscreenshot: notifyKeyBeforeQueueing, event=KeyEvent { action=ACTION_UP, keyCode=KEYCODE_VOLUME_UP, scanCode=115, metaState=0, flags=0x8, repeatCount=0, eventTime=834620878112000, downTime=834620833268000, deviceId=3, source=0x101, displayId=-1 }, interactive=true
03-01 22:20:26.242  2075  2327 D OplusCustomizeRestrictionManagerService: isLongPressVolumeUpDisabled start
03-01 22:20:26.290  2075  2328 I OplusJoystickManager: read game pad state for game manager -> false
03-01 22:20:26.290  2075  2328 W OplusJoystickManager: mInterceptGamepadKey is false
03-01 22:20:26.290  2075  2328 D OplusCustomizeRestrictionManagerService: isLongPressVolumeUpDisabled start
03-01 22:20:26.291  2075  2328 D StrategyBlackscreenshot: notifyKeyBeforeQueueing, event=KeyEvent { action=ACTION_UP, keyCode=KEYCODE_VOLUME_DOWN, scanCode=114, metaState=0, flags=0x8, repeatCount=0, eventTime=834620927302000, downTime=834620708185000, deviceId=2, source=0x101, displayId=-1 }, interactive=true
03-01 22:20:26.291  2075  2327 D OplusCustomizeRestrictionManagerService: isLongPressVolumeUpDisabled start
03-01 22:20:26.296  2075  2328 I OplusKeyEventUtil: mIsPowerKeyDown =false
03-01 22:20:26.296  2075  2328 I OplusJoystickManager: read game pad state for game manager -> false
03-01 22:20:26.296  2075  2328 W OplusJoystickManager: mInterceptGamepadKey is false
03-01 22:20:26.296  2075  2328 D OplusCustomizeRestrictionManagerService: isLongPressVolumeUpDisabled start
03-01 22:20:26.296  2075  2328 D StrategyBlackscreenshot: notifyKeyBeforeQueueing, event=KeyEvent { action=ACTION_UP, keyCode=KEYCODE_POWER, scanCode=116, metaState=0, flags=0x8, repeatCount=0, eventTime=834620932733000, downTime=834620731820000, deviceId=3, source=0x101, displayId=-1 }, interactive=true
03-01 22:20:26.297  2075  2328 I HwShutdownRecord: RecoverSqlFunc running start, setprop false
03-01 22:20:26.297  2075  2328 I HwShutdownRecord: tmemory Remove Flag
03-01 22:20:26.342  2075  2075 W Looper  : Slow dispatch took 107ms main h=com.android.server.media.MediaSessionService$MessageHandler c=com.android.server.media.MediaSessionService$SessionManagerImpl$3@1b5afc1 m=0
03-01 22:20:26.346  2075  2075 D MBrainLocalService: isVendorFreezeConditionPass is false
03-01 22:20:26.346  2075  2075 D MBrainLocalService: notifyNetworkChange failed
03-01 22:20:26.349  2075  2075 D MBrainLocalService: isVendorFreezeConditionPass is false
03-01 22:20:26.349  2075  2075 D MBrainLocalService: notifyAudioRouteChange failed
03-01 22:20:26.351  2255  2255 D ResourcesManagerExtImpl: applyConfigurationToAppResourcesLocked app.getDisplayId() return callback.displayId:-1
03-01 22:20:26.366  2075  6830 D PowerManagerService: userActivityNoUpdateLocked: groupId=0, eventTime=834621002, event=other, flags=0x0, uid=10193
03-01 22:20:26.480  2075  3131 I WindowManager: addWindow: New client android.os.BinderProxy@ac82754 : window=Window{2c4bff2 u0 OplusVolumeDialogImpl}
03-01 22:20:26.490  2075  6830 D CoreBackPreview: Window{2c4bff2 u0 OplusVolumeDialogImpl}: Setting back callback OnBackInvokedCallbackInfo{mCallback=android.window.IOnBackInvokedCallback$Stub$Proxy@23f95f9, mPriority=-1, mIsAnimationCallback=false}
03-01 22:20:26.517  2075  3131 D WindowManagerServiceExtImpl: extractConfigInfoAndRealFlags rotation=0, screenDp=360, residentWS:0, win=Window{2c4bff2 u0 OplusVolumeDialogImpl}
03-01 22:20:26.517  2075  3131 V WindowManager: Relayout Window{2c4bff2 u0 OplusVolumeDialogImpl}: viewVisibility=0, oldvis=0, req=720x1604, vsysui=LAYOUT_STABLE LAYOUT_HIDE_NAVIGATION LAYOUT_FULLSCREEN, x=0, y=0
03-01 22:20:26.517  2075  3131 I WindowManager: Window{2c4bff2 u0 OplusVolumeDialogImpl} state from NO_SURFACE to DRAW_PENDING; reason: resetDrawState
03-01 22:20:26.522  2075  3131 D WindowManager: NFW_findFocusedWindowIfNeeded:Window{1152e92 u0 com.infexor.infexor_chat/com.infexor.infexor_chat.MainActivity} mCurrentFocus:Window{1152e92 u0 com.infexor.infexor_chat/com.infexor.infexor_chat.MainActivity}
03-01 22:20:26.523  2585  2585 W VRI[OplusVolumeDialogImpl]: updateBlastSurfaceIfNeeded, surfaceSize:Point(720, 1604), lastSurfaceSize:Point(0, 0), format:-2, blastBufferQueue:null
03-01 22:20:26.546  2075  3131 I WindowManager: Window{2c4bff2 u0 OplusVolumeDialogImpl} state from DRAW_PENDING to COMMIT_DRAW_PENDING; reason: finishDrawingLocked
03-01 22:20:26.548  2075  2106 I WindowManager: Window{2c4bff2 u0 OplusVolumeDialogImpl} state from COMMIT_DRAW_PENDING to READY_TO_SHOW; reason: commitFinishDrawingLocked
03-01 22:20:26.552  2585  2585 W VRI[OplusVolumeDialogImpl]: handleResized, msg:, frameChanged:false, configChanged:false, displayChanged:false, attachedFrameChanged:false, compatScaleChanged:false, pendingDragResizing=false
03-01 22:20:26.570  2075  3131 I ActivityManager: Flag disabled. Ignoring finishAttachApplication from uid: 10128. pid: 2255
03-01 22:20:26.598  2075  2568 D VRR [OPlusExternalRefreshRateManager]: isPkgTfcEnable: pkgName = com.oplus.screenshot, enable = false
03-01 22:20:26.598  2075  2568 D VRR [OPlusExternalRefreshRateManager]: getTfcMinFramerate: pkgName = com.oplus.screenshot, min framerate = 0
03-01 22:20:26.608  2075  2106 I WindowManager: Window{2c4bff2 u0 OplusVolumeDialogImpl} state from READY_TO_SHOW to HAS_DRAWN; reason: performShowLocked
03-01 22:20:26.656  2255  2255 E OplusCustomizeRestrictionManager: sInstance is null, start a new sInstance
03-01 22:20:26.676  2075  3002 D OplusProxyWakeLock: check proxy worksource [ 10370] failed, reason:TAG_NULL ,tag: *job*
03-01 22:20:26.733  2255  2255 D OplusPowerManager: registerScreenStatusListener listener=com.oplus.screenshot.common.receiver.ScreenReceiver@d1265
03-01 22:20:26.746  2255  2255 D OplusInputMethodUtil: init sDebug to false, init sDebugIme to false, init sAlwaysOn to false
03-01 22:20:26.746  2255  2255 D OplusInputMethodUtil: updateDebugToClass InputMethodManager.DEBUG = false
03-01 22:20:26.746  2255  2255 D OplusInputMethodUtil: updateDebugToClass ImeFocusController.DEBUG = false
03-01 22:20:26.746  2255  2255 D OplusInputMethodUtil: updateDebugToClass InsetsController.DEBUG = false
03-01 22:20:26.746  2255  2255 D OplusInputMethodUtil: updateDebugToClass BaseInputConnection.DEBUG = false
03-01 22:20:26.773  2075  6830 W UserAwareMgr: notifyAppRenderThreadCreated pkgName: com.oplus.screenshot, pid: 2255, renderTid: 2364, uid: 10128
03-01 22:20:26.782  2075  6830 D WindowManager: NFW_findFocusedWindowIfNeeded:Window{a61b450 u0 com.oplus.screenshot/LongshotCapture} mCurrentFocus:Window{1152e92 u0 com.infexor.infexor_chat/com.infexor.infexor_chat.MainActivity}
03-01 22:20:26.782  2075  6830 V WindowManager: Changing focus from Window{1152e92 u0 com.infexor.infexor_chat/com.infexor.infexor_chat.MainActivity} to Window{a61b450 u0 com.oplus.screenshot/LongshotCapture},diplayid=0
03-01 22:20:26.783  2075  6830 I WindowManager: addWindow: New client android.os.BinderProxy@3593a13 : window=Window{a61b450 u0 com.oplus.screenshot/LongshotCapture}
03-01 22:20:26.816  2075  2761 D CoreBackPreview: Window{a61b450 u0 com.oplus.screenshot/LongshotCapture}: Setting back callback OnBackInvokedCallbackInfo{mCallback=android.window.IOnBackInvokedCallback$Stub$Proxy@49bd88b, mPriority=0, mIsAnimationCallback=false}
03-01 22:20:26.820  2075  2761 D WindowManagerServiceExtImpl: extractConfigInfoAndRealFlags rotation=0, screenDp=360, residentWS:0, win=Window{a61b450 u0 com.oplus.screenshot/LongshotCapture}
03-01 22:20:26.821  2075  2761 V WindowManager: Relayout Window{a61b450 u0 com.oplus.screenshot/LongshotCapture}: viewVisibility=0, oldvis=0, req=720x1604, vsysui=, x=0, y=0
03-01 22:20:26.821  2075  2761 I WindowManager: Window{a61b450 u0 com.oplus.screenshot/LongshotCapture} state from NO_SURFACE to DRAW_PENDING; reason: resetDrawState
03-01 22:20:26.825  2075  2761 D WindowManager: NFW_findFocusedWindowIfNeeded:Window{a61b450 u0 com.oplus.screenshot/LongshotCapture} mCurrentFocus:Window{a61b450 u0 com.oplus.screenshot/LongshotCapture}
03-01 22:20:26.826  2255  2255 W VRI[screenshot/LongshotCapture]: updateBlastSurfaceIfNeeded, surfaceSize:Point(720, 1604), lastSurfaceSize:Point(0, 0), format:-3, blastBufferQueue:null
03-01 22:20:26.896  2075  2761 I WindowManager: Window{a61b450 u0 com.oplus.screenshot/LongshotCapture} state from DRAW_PENDING to COMMIT_DRAW_PENDING; reason: finishDrawingLocked
03-01 22:20:26.897  2075  3131 I WindowManager: Window{a61b450 u0 com.oplus.screenshot/LongshotCapture} state from COMMIT_DRAW_PENDING to READY_TO_SHOW; reason: commitFinishDrawingLocked
03-01 22:20:26.897  2075  3131 I WindowManager: Window{a61b450 u0 com.oplus.screenshot/LongshotCapture} state from READY_TO_SHOW to HAS_DRAWN; reason: performShowLocked
03-01 22:20:27.260  2075  2568 D PowerManagerService: userActivityNoUpdateLocked: groupId=0, eventTime=834621897, event=other, flags=0x0, uid=10193
03-01 22:20:27.479  2075  2103 V WindowOrientationListener: onSensorChanged mDesiredRotation = 4
03-01 22:20:28.152  2075  2170 D PowerManagerService: userActivityNoUpdateLocked: groupId=0, eventTime=834622784, event=touch, flags=0x0, uid=1000
03-01 22:20:28.248  2075  2170 D PowerManagerService: userActivityNoUpdateLocked: groupId=0, eventTime=834622884, event=touch, flags=0x0, uid=1000
03-01 22:20:28.266  2255  2255 D OplusInputMethodManagerInternal: get inputMethodManager extension: com.android.internal.view.IInputMethodManager$Stub$Proxy@36473ab
03-01 22:20:28.523  2255  2255 D OplusPowerManager: unregisterScreenStatusListener listener=com.oplus.screenshot.common.receiver.ScreenReceiver@d1265
03-01 22:20:28.525  2075  2568 D CoreBackPreview: Window{a61b450 u0 com.oplus.screenshot/LongshotCapture}: Setting back callback null
03-01 22:20:28.529  2075  2568 I WindowManager: Window{a61b450 u0 com.oplus.screenshot/LongshotCapture} state from HAS_DRAWN to NO_SURFACE; reason: destroySurface
03-01 22:20:28.530  2075  2568 D WindowManager: NFW_findFocusedWindowIfNeeded:Window{1152e92 u0 com.infexor.infexor_chat/com.infexor.infexor_chat.MainActivity} mCurrentFocus:Window{a61b450 u0 com.oplus.screenshot/LongshotCapture}
03-01 22:20:28.530  2075  2568 V WindowManager: Changing focus from Window{a61b450 u0 com.oplus.screenshot/LongshotCapture} to Window{1152e92 u0 com.infexor.infexor_chat/com.infexor.infexor_chat.MainActivity},diplayid=0
03-01 22:20:28.532  2075  2568 D WindowManager: NFW_findFocusedWindowIfNeeded:Window{1152e92 u0 com.infexor.infexor_chat/com.infexor.infexor_chat.MainActivity} mCurrentFocus:Window{1152e92 u0 com.infexor.infexor_chat/com.infexor.infexor_chat.MainActivity}
03-01 22:20:28.565  2075  2105 V WindowManager: Unknown focus tokens, dropping reportFocusChanged
03-01 22:20:28.570  2075  2568 D ClipboardService: clipboardAccessAllowed: op=29 result=true callingPackage=com.infexor.infexor_chat
03-01 22:20:28.572  2075  2568 D ClipboardService: clipboardAccessAllowed: op=29 result=true callingPackage=com.infexor.infexor_chat
03-01 22:20:28.573  2075  2568 D ClipboardService: clipboardAccessAllowed: op=29 result=true callingPackage=com.infexor.infexor_chat
03-01 22:20:28.575  2075  2568 D ClipboardService: clipboardAccessAllowed: op=29 result=true callingPackage=com.infexor.infexor_chat
03-01 22:20:28.577  2075  2568 D ClipboardService: clipboardAccessAllowed: op=29 result=true callingPackage=com.infexor.infexor_chat
03-01 22:20:28.583  2075  3121 D ClipboardService: clipboardAccessAllowed: op=29 result=true callingPackage=com.infexor.infexor_chat
03-01 22:20:28.585  2075  3121 D ClipboardService: clipboardAccessAllowed: op=29 result=true callingPackage=com.infexor.infexor_chat
03-01 22:20:28.599  2075  2170 D PowerManagerService: userActivityNoUpdateLocked: groupId=0, eventTime=834623234, event=touch, flags=0x0, uid=1000
03-01 22:20:28.607  2075  6112 I OplusJoystickManager: read game pad state for game manager -> false
03-01 22:20:28.607  2075  6112 W OplusJoystickManager: mInterceptGamepadKey is false
03-01 22:20:28.607  2075  6112 D OplusCustomizeRestrictionManagerService: isLongPressVolumeUpDisabled start
03-01 22:20:28.607  2075  6112 E OplusCustomizeRestrictionManagerService: isHomeButtonDisabled start
03-01 22:20:28.607  2075  6112 D StrategyBlackscreenshot: notifyKeyBeforeQueueing, event=KeyEvent { action=ACTION_DOWN, keyCode=KEYCODE_HOME, scanCode=0, metaState=0, flags=0x48, repeatCount=0, eventTime=834623239000000, downTime=834623239000000, deviceId=-1, source=0x101, displayId=0 }, interactive=true
03-01 22:20:28.608  2075  2170 D PowerManagerService: userActivityNoUpdateLocked: groupId=0, eventTime=834623239, event=button, flags=0x0, uid=1000
03-01 22:20:28.608  2075  2327 D OplusCustomizeRestrictionManagerService: isLongPressVolumeUpDisabled start
03-01 22:20:28.634  2075  6112 I OplusJoystickManager: read game pad state for game manager -> false
03-01 22:20:28.634  2075  6112 W OplusJoystickManager: mInterceptGamepadKey is false
03-01 22:20:28.635  2075  6112 D OplusCustomizeRestrictionManagerService: isLongPressVolumeUpDisabled start
03-01 22:20:28.635  2075  6112 D StrategyBlackscreenshot: notifyKeyBeforeQueueing, event=KeyEvent { action=ACTION_UP, keyCode=KEYCODE_HOME, scanCode=0, metaState=0, flags=0x48, repeatCount=0, eventTime=834623269000000, downTime=834623239000000, deviceId=-1, source=0x101, displayId=0 }, interactive=true
