03-01 22:20:29.253  2075  6112 D adaptiveSmoothAnim_FadeAnimController: fadeAllWindowToken show=true, transition=TransitionRecord{86d5558 id=13538 track=0 type=OPEN flags=0x0 state=4} ,this= com.android.server.wm.LightOSFadeAnimController@fbb0796
03-01 22:20:29.256  2075  2106 D OplusAppQuickStart_AppQuickStartingSurface: removeQuickStartingSurface null, callers=com.android.server.wm.OplusAppQuickStartController.removeStartingSurfaceWhenVisibleChange:873 com.android.server.wm.TaskExtImpl.removeStartingSurfaceWhenVisibleChange:3005 com.android.server.wm.Task.prepareSurfaces:3722 com.android.server.wm.WindowContainer.prepareSurfaces:3232 com.android.server.wm.WindowContainer.prepareSurfaces:3232 com.android.server.wm.WindowContainer.prepareSurfaces:3232 com.android.server.wm.WindowContainer.prepareSurfaces:3232 com.android.server.wm.WindowContainer.prepareSurfaces:3232 
03-01 22:20:29.258  2075  2106 I TaskOrganizerController: onTaskInfoChanged taskid 1868 config { mBounds=Rect(0, 0 - 720, 1604) mAppBounds=Rect(0, 0 - 720, 1604) mMaxBounds=Rect(0, 0 - 720, 1604) mDisplayRotation=ROTATION_0 mWindowingMode=fullscreen mActivityType=standard mAlwaysOnTop=undefined mRotation=ROTATION_0}
03-01 22:20:29.259  2075  2106 D OplusFlexibleWindowMinimizedManagerHelper: onTaskInfoChanged taskInfo:TaskInfo{userId=0 taskId=1868 displayId=0 isRunning=true baseIntent=Intent { act=android.intent.action.MAIN cat=[android.intent.category.LAUNCHER] flg=0x10200000 cmp=com.infexor.infexor_chat/.MainActivity mCallingUid=10191 } baseActivity=ComponentInfo{com.infexor.infexor_chat/com.infexor.infexor_chat.MainActivity} topActivity=ComponentInfo{com.infexor.infexor_chat/com.infexor.infexor_chat.MainActivity} origActivity=null realActivity=ComponentInfo{com.infexor.infexor_chat/com.infexor.infexor_chat.MainActivity} numActivities=1 lastActiveTime=2020983512 supportsSplitScreenMultiWindow=true supportsMultiWindow=true supportsPocketStudioMultiWindow=true isInFlexibleEmbedded = false uid = 10770 pid = 1132 resizeMode=2 isResizeable=true minWidth=-1 minHeight=-1 defaultMinSize=220 token=WCT{RemoteToken{e860c10 Task{c3dce55 #1868 type=standard I=com.infexor.infexor_chat/.MainActivity}}} topActivityType=1 pictureInPictureParams=null shouldDockBigOverlays=false launchIntoPipHostTaskId=-1 lastParentTaskIdBeforePip=-1 displayCutoutSafeInsets=Rect(0, 83 - 0, 0) topActivityInfo=ActivityInfo{432096c com.infexor.infexor_chat.MainActivity} launchCookies=[android.os.BinderProxy@db51b35] positionInParent=Point(0, 0) parentTaskId=-1 isFocused=false isVisible=false isVisibleRequested=false isSleeping=false locusId=null displayAreaFeatureId=1 isTopActivityTransparent=false appCompatTaskInfo=AppCompatTaskInfo { topActivityInSizeCompat=false topActivityInOplusCompatMode=false topActivityEligibleForLetterboxEducation= falseisLetterboxEducationEnabled= false isLetterboxDoubleTapEnabled= false topActivityEligibleForUserAspectRatioButton= false topActivityBoundsLetterboxed= false isFromLetterboxDoubleTap= false topActivityLetterboxVerticalPosition= -1 topActivityLetterboxHorizontalPosition= -1 topActivityLetterboxWidth=720 topActivityLetterboxHeight=1604 isUserFullscreenOverrideEnabled=false isSystemFullscreenOverrideEnabled=false cameraCompatTaskInfo=CameraCompatTaskInfo { cameraCompatControlState=hidden freeformCameraCompatMode=inactive}} topActivityLetterboxInsets=Rect(0, 0 - 0, 0) mOplusExtraBundle = Bundle[{androidx.flexible.taskFrame=Rect(0, 0 - 0, 0), key_flexible_task_state=0, androidx.activity.LaunchScenario=0, androidx.activity.LaunchScale=1.0}]} task:Task{c3dce55 #1868 type=standard I=com.infexor.infexor_chat/.MainActivity}
03-01 22:20:29.259  2075  2106 D OplusFlexibleDragToSplitAnimController: visibleFlexibleTaskInfos delete:1868
03-01 22:20:29.259  2075  4182 D OplusTransitionController: finishTransition, transition: TransitionRecord{5a5e915 id=13539 track=0 type=OPEN flags=0x0 state=4}
03-01 22:20:29.261  2075  4182 D OplusTransitionController: finishTransition, transition: TransitionRecord{8a5797e id=13540 track=0 type=OPEN flags=0x0 state=4}
03-01 22:20:29.262  2075  5538 W UserManagerService: Requested status bar icon for non-badged user 0
03-01 22:20:29.263  2075  4182 D OplusTransitionController: finishTransition, transition: TransitionRecord{34ece19 id=13541 track=0 type=OPEN flags=0x0 state=4}
03-01 22:20:29.264  2075  4182 D WindowManager: setKeyguardOccludedLw occluded=false,true,true
03-01 22:20:29.264  2075  2107 D SurfaceAnimationRunner: onAnimationStart:Surface(name=Surface(name=WindowToken{362527 type=2000 android.os.BinderProxy@e2aca41})/@0xd301e20 - animation-leash of token_transform)/@0xd97c8ee
03-01 22:20:29.264  2075  4182 D TransitionController: NFW_send RECOMPUTE_FOCUS in finishTransition
03-01 22:20:29.264  2585  2702 D ShellTaskOrganizer: onTransitionFinish, isRecent:false
03-01 22:20:29.264  2585  2702 V WindowManagerShell: Track 0 became idle
03-01 22:20:29.266  2075  2257 W UserManagerService: Requested status bar icon for non-badged user 0
03-01 22:20:29.275  2075  6112 D ActivityTaskManagerServiceExtImpl: preBindApplication record is null
03-01 22:20:29.279  2075  2257 D OplusStartingWindowManager: updateRecordSurfaceViewState windowToken = android.os.BinderProxy@f150c1d, surfaceState = false, attachedToWindow = true, inList = false, win = Window{1152e92 u0 com.infexor.infexor_chat/com.infexor.infexor_chat.MainActivity}
03-01 22:20:29.281  2075  5538 D WindowManagerServiceExtImpl: extractConfigInfoAndRealFlags rotation=0, screenDp=360, residentWS:0, win=Window{1152e92 u0 com.infexor.infexor_chat/com.infexor.infexor_chat.MainActivity}
03-01 22:20:29.282  2075  5538 V WindowManager: Relayout Window{1152e92 u0 com.infexor.infexor_chat/com.infexor.infexor_chat.MainActivity}: viewVisibility=8, oldvis=0, req=720x1604, vsysui=LAYOUT_STABLE LAYOUT_FULLSCREEN
03-01 22:20:29.283  2075  5538 D QuickBackInputPolicy: hasMultiChildrenInTask: false
03-01 22:20:29.283  2075  5538 D WindowManager: NFW_findFocusedWindowIfNeeded:Window{f7548cf u0 com.android.launcher/com.android.launcher.Launcher} mCurrentFocus:Window{f7548cf u0 com.android.launcher/com.android.launcher.Launcher}
03-01 22:20:29.284  1132  1132 D VRI[MainActivity]: relayoutWindow result, sizeChanged:false, surfaceControlChanged:true, transformHintChanged:false, mSurfaceSize:Point(720, 1604), mLastSurfaceSize:Point(720, 1604), mWidth:720, mHeight:1604, requestedWidth:720, requestedHeight:1604, transformHint:0, installOrientation:0, displayRotation:0, isSurfaceValid:false, attr.flag:-2122252032, tmpFrames:ClientWindowFrames{frame=[0,0][720,1604] display=[0,0][720,1604] parentFrame=[0,0][0,0]}, relayoutAsync:false, mSyncSeqId:0
03-01 22:20:29.293  2075  2284 W JobServiceContext: Sending onNetworkChanged for a job that isn't started. JobStatus{4467f2e androidx.work.systemjobscheduler:u999a370/40387 @androidx.work.systemjobscheduler@com.whatsapp.w4b/androidx.work.impl.background.systemjob.SystemJobService u=999 s=99910370 TIME=-1m8s135ms:none NET READY}
03-01 22:20:29.295  2075  4182 I WindowManager: Window{1152e92 u0 com.infexor.infexor_chat/com.infexor.infexor_chat.MainActivity} state from HAS_DRAWN to NO_SURFACE; reason: destroySurface
03-01 22:20:29.296  2075  4182 D ActivityTaskManager: Clearing startingData for activity=ActivityRecord{6ea6c5e u0 com.infexor.infexor_chat/.MainActivity t1868} mStartingData=null mStartingSurface=null
03-01 22:20:29.302  2075  5538 W UserManagerService: Requested status bar icon for non-badged user 0
03-01 22:20:29.304  2075  2105 D QuickBackInputPolicy: hasMultiChildrenInTask: false
03-01 22:20:29.304  2075  2105 D WindowManager: NFW_findFocusedWindowIfNeeded:Window{f7548cf u0 com.android.launcher/com.android.launcher.Launcher} mCurrentFocus:Window{f7548cf u0 com.android.launcher/com.android.launcher.Launcher}
03-01 22:20:29.372 31998 31998 I AppWidgetManager: updateAppWidgetIds, mPackageName: com.coloros.alarmclock, appWidgetIds: [2, 5], views:android.widget.RemoteViews@47a8396
03-01 22:20:29.378  2075  2418 I AppWidgetServiceImpl: handleNotifyUpdateAppWidget,appWidgetId: 2,packageName:com.coloros.alarmclock
03-01 22:20:29.378  2075  2418 D AppWidgetServiceImpl: Trying to notify widget update for package com.coloros.alarmclock with widget id: 2
03-01 22:20:29.379  2075  2418 I AppWidgetServiceImpl: handleNotifyUpdateAppWidget,appWidgetId: 5,packageName:com.coloros.alarmclock
03-01 22:20:29.379  2075  2418 D AppWidgetServiceImpl: Trying to notify widget update for package com.coloros.alarmclock with widget id: 5
03-01 22:20:29.388  2958  2958 D AppWidgetHostView: inflateAsync(rvToApply), appWidgetId: 2
03-01 22:20:29.415  2075  2107 D SurfaceAnimationRunner: onAnimationEnd:Surface(name=Surface(name=WindowToken{362527 type=2000 android.os.BinderProxy@e2aca41})/@0xd301e20 - animation-leash of token_transform)/@0xd97c8ee
03-01 22:20:29.448  2075  2506 I Quality : BitmapCompressInfo:360,801,3,95,107678154
03-01 22:20:29.507  2582  2582 I Quality : GetResourcesInfo:71949539,/data/app/~~9v5Oy_Da1v0UOU3sty1OFQ==/com.olacabs.oladriver-3JuTrZL2nLMvOdE5ChDUdA==/base.apk
03-01 22:20:29.516  2075  2075 D MBrainLocalService: isVendorFreezeConditionPass is false
03-01 22:20:29.516  2075  2075 D MBrainLocalService: notifyNetworkChange failed
03-01 22:20:29.528 31998  2654 I AppWidgetManager: updateAppWidgetIds, mPackageName: com.coloros.alarmclock, appWidgetIds: [2, 5], views:android.widget.RemoteViews@8b8142b
03-01 22:20:29.530  2075  2418 I AppWidgetServiceImpl: handleNotifyUpdateAppWidget,appWidgetId: 2,packageName:com.coloros.alarmclock
03-01 22:20:29.530  2075  2418 D AppWidgetServiceImpl: Trying to notify widget update for package com.coloros.alarmclock with widget id: 2
03-01 22:20:29.531  2075  2418 I AppWidgetServiceImpl: handleNotifyUpdateAppWidget,appWidgetId: 5,packageName:com.coloros.alarmclock
03-01 22:20:29.531  2075  2418 D AppWidgetServiceImpl: Trying to notify widget update for package com.coloros.alarmclock with widget id: 5
03-01 22:20:29.531  2958  2958 D AppWidgetHostView: inflateAsync(rvToApply), appWidgetId: 2
03-01 22:20:29.535  2582  2582 D ResourcesManagerExtImpl: applyConfigurationToAppResourcesLocked app.getDisplayId() return callback.displayId:-1
03-01 22:20:29.546  2634  2634 D ResourcesManagerExtImpl: applyConfigurationToAppResourcesLocked app.getDisplayId() return callback.displayId:-1
03-01 22:20:29.585  2075  2103 D WindowManager: rotation(ROTATION_0) no changed  displayId = 0, lastOrientation = 5
03-01 22:20:29.666  2075  5538 D WindowManagerServiceExtImpl: extractConfigInfoAndRealFlags rotation=0, screenDp=360, residentWS:0, win=Window{fd5047c u0 InputMethod}
03-01 22:20:29.666  2075  5538 V WindowManager: Relayout Window{fd5047c u0 InputMethod}: viewVisibility=8, oldvis=0, req=720x1521, vsysui=
03-01 22:20:29.667  2075  5538 I WindowManager: Window{fd5047c u0 InputMethod} state from HAS_DRAWN to NO_SURFACE; reason: destroySurface
03-01 22:20:29.672  2075  5538 D QuickBackInputPolicy: hasMultiChildrenInTask: false
03-01 22:20:29.672  2075  5538 D WindowManager: NFW_findFocusedWindowIfNeeded:Window{f7548cf u0 com.android.launcher/com.android.launcher.Launcher} mCurrentFocus:Window{f7548cf u0 com.android.launcher/com.android.launcher.Launcher}
03-01 22:20:29.672  2585  2585 W VRI[StatusBar]: handleResized abandoned!
03-01 22:20:29.672  2585  2585 W VRI[NavigationBar_displayId_0]: handleResized abandoned!
03-01 22:20:29.673  2958  2958 W VRI[Launcher]: handleResized abandoned!
03-01 22:20:29.679  2958  2958 W VRI[Launcher]: handleResized abandoned!
03-01 22:20:29.679  2585  2585 W VRI[StatusBar]: handleResized abandoned!
03-01 22:20:29.679  2585  2585 W VRI[NavigationBar_displayId_0]: handleResized abandoned!
03-01 22:20:29.987  2075  5538 I ActivityManager: Flag disabled. Ignoring finishAttachApplication from uid: 99910370. pid: 2634
03-01 22:20:29.989  2075  4182 D CompatChangeReporter: Compat change id reported: 319471980; UID 10417; state: ENABLED
03-01 22:20:30.145  2582  2582 I Quality : GetResourcesInfo:73074154,/data/app/~~TDuiE3o0uLNI0jRB06qUwg==/com.google.android.webview-fmPtH4DmWCk7Nsblz496Ug==/base.apk
03-01 22:20:30.272  2075  3712 W ActivityManager: Unable to start service Intent { act=deepthinker.intent.action.BIND_INTERFACE_SERVER pkg=com.oplus.deepthinker mCallingUid=1000 } U=0: not found
03-01 22:20:30.273  2075  2172 D OplusDisplayBrightnessBroadcastReceiver: onReceive action = android.intent.action.BATTERY_CHANGED , listeners = [com.android.server.display.OplusFeatureHDREnhanceBrightness$PhoneInfoReceiver@2e7d5fa, com.android.server.display.OplusFeatureEdrEnhanceBrightness$PhoneInfoReceiver@94477ab]
03-01 22:20:30.301  2075  3712 W JobScheduler: Job didn't exist in JobStore: #com.whatsapp.w4b/40387
03-01 22:20:30.408  2075  6054 I ActivityManager: Killing 32210:com.nearme.instant.platform:provider/u0a199 (adj 985): empty #17
03-01 22:20:30.428  2075  6054 D CompatChangeReporter: Compat change id reported: 297989574; UID 10417; state: ENABLED
03-01 22:20:30.441  2075  5538 I ActivityManager: Death received, pid = 32210, processName = com.nearme.instant.platform:provider for thread android.os.BinderProxy@56ca879
03-01 22:20:30.457  2075  3712 I ActivityManager: Killing 32229:com.coloros.phonemanager/u0a125 (adj 975): empty #17
03-01 22:20:30.502  2582  2582 I Quality : ActivityThread: callApplicationOnCreate delay 476 com.olacabs.oladriver 2582
03-01 22:20:30.507  2075  3712 I ActivityManager: Flag disabled. Ignoring finishAttachApplication from uid: 10417. pid: 2582
03-01 22:20:30.545  2075  6112 D CompatChangeReporter: Compat change id reported: 311402873; UID 10417; state: ENABLED
03-01 22:20:30.545  2075  6112 D CompatChangeReporter: Compat change id reported: 323349338; UID 10417; state: ENABLED
03-01 22:20:30.555  2075  2172 D Arc[OplusBrightnessSceneAdapter]: Arc scene change!!! NormalScene -> StableScene [erraticScore:-1, stableScore:5467] isLuxRefresh:true
03-01 22:20:30.555  2075  2172 D Arc[OplusBrightnessAmbientAdapter[StabilityProcess]]: updateRangeStrategy: reason[SceneChange ] baseLux:52.3575, scene:StableScene large{17.395935, 207.36137} largeForAux{17.395935, 207.36137} small{28.611818, 76.10318} hbm{0.0, 11333.0}
03-01 22:20:30.557  2075  2572 I ActivityManager: Death received, pid = 32229, processName = com.coloros.phonemanager for thread android.os.BinderProxy@4a50264
03-01 22:20:30.564  2075  2669 I ActivityManager: Killing 32642:com.google.android.webview:sandboxed_process0:org.chromium.content.app.SandboxedProcessService0:0/u0a125i196 (adj 0): isolated not needed
03-01 22:20:30.573  2075  2103 D DisplayManagerService: Drop pending events for gone uid 10125
03-01 22:20:30.578  2075  2132 I ActivityManager: Start proc 3130:com.google.android.webview:sandboxed_process0:org.chromium.content.app.SandboxedProcessService0:0/u0i197 for  {com.olacabs.oladriver/org.chromium.content.app.SandboxedProcessService0:0}
03-01 22:20:30.599  2075  2650 D ActivityTaskManagerServiceExtImpl: preBindApplication record is null
03-01 22:20:30.609  2075  2572 I ActivityManager: Death received, pid = 32642, processName = com.google.android.webview:sandboxed_process0:org.chromium.content.app.SandboxedProcessService0:0 for thread android.os.BinderProxy@837633d
03-01 22:20:30.613  2075  2103 D DisplayManagerService: Drop pending events for gone uid 99196
03-01 22:20:30.629  3130  3130 E OplusCustomizePackageManager: mIOplusCustomizePackageManagerService is null
03-01 22:20:30.630  3130  3130 E OplusCustomizePackageManager: mIOplusCustomizePackageManagerService is null
03-01 22:20:30.630  3130  3130 E OplusCustomizePackageManager: isOplusCertificatePackage Errorjava.lang.NullPointerException: Attempt to invoke interface method 'boolean android.os.customize.IOplusCustomizePackageManagerService.isOplusCertificatePackage(java.lang.String)' on a null object reference
03-01 22:20:30.637  3130  3130 D ResourcesManagerExtImpl: applyConfigurationToAppResourcesLocked app.getDisplayId() return callback.displayId:-1
03-01 22:20:30.643  2075  6112 I ActivityManager: Flag disabled. Ignoring finishAttachApplication from uid: 99197. pid: 3130
03-01 22:20:30.732  2075  3712 D CompatChangeReporter: Compat change id reported: 319212206; UID 10417; state: ENABLED
03-01 22:20:30.757  2075  3712 D VRR [OPlusExternalRefreshRateManager]: isPkgTfcEnable: pkgName = com.olacabs.oladriver, enable = false
03-01 22:20:30.757  2075  3712 D VRR [OPlusExternalRefreshRateManager]: getTfcMinFramerate: pkgName = com.olacabs.oladriver, min framerate = 0
03-01 22:20:30.759  2582  3252 D OplusInputMethodUtil: init sDebug to false, init sDebugIme to false, init sAlwaysOn to false
03-01 22:20:30.760  2582  3252 D OplusInputMethodUtil: updateDebugToClass InputMethodManager.DEBUG = false
03-01 22:20:30.760  2582  3252 D OplusInputMethodUtil: updateDebugToClass ImeFocusController.DEBUG = false
03-01 22:20:30.760  2582  3252 D OplusInputMethodUtil: updateDebugToClass InsetsController.DEBUG = false
03-01 22:20:30.760  2582  3252 D OplusInputMethodUtil: updateDebugToClass BaseInputConnection.DEBUG = false
03-01 22:20:30.786  2075  6112 W JobScheduler: Job didn't exist in JobStore: #com.olacabs.oladriver/8777
03-01 22:20:30.790  2075  3712 D CompatChangeReporter: Compat change id reported: 311208629; UID 10417; state: ENABLED
03-01 22:20:30.794  2075  3712 W JobScheduler: Job didn't exist in JobStore: #com.olacabs.oladriver/8772
03-01 22:20:30.866  2075  3335 W ActivityManager: Unable to start service Intent { act=deepthinker.intent.action.BIND_INTERFACE_SERVER pkg=com.oplus.deepthinker mCallingUid=1000 } U=0: not found
03-01 22:20:30.956  2075  2075 W JobScheduler: Job didn't exist in JobStore: #com.olacabs.oladriver/8772
03-01 22:20:30.983  2075  6706 D UsageStatsService: User[0] type=0 b=1772383586539 e=1772383830982 cb=1772380496727 ce=1772383830862 disk=0 all=11
03-01 22:20:31.354  2075  2172 D Arc[OplusBrightnessSceneAdapter]: Arc scene change!!! StableScene -> NormalScene [erraticScore:-1, stableScore:3] isLuxRefresh:true
03-01 22:20:31.354  2075  2172 D Arc[OplusBrightnessAmbientAdapter[StabilityProcess]]: updateRangeStrategy: reason[SceneChange ] baseLux:52.3575, scene:NormalScene large{11.22625, 234.715} largeForAux{11.22625, 234.715} small{24.421406, 80.293594} hbm{0.0, 11333.0}
03-01 22:20:31.772  2075  2172 D OplusFeatureHDREnhanceBrightness: checkIsPlayingHDR isPlayingHDR=0 rotation=0 whiteApp=false battery=100
03-01 22:20:31.921  2075  3712 W ActivityManager: Background start not allowed: service Intent { act=com.whatsapp.messageservice.messaging.MessageService.START cmp=com.whatsapp.w4b/com.whatsapp.messageservice.messaging.MessageService mCallingUid=99910370 } to com.whatsapp.w4b/com.whatsapp.messageservice.messaging.MessageService from pid=2634 uid=99910370 pkg=com.whatsapp.w4b startFg?=false
03-01 22:20:32.044 30217 30217 I Quality : SlowSqliteOp:close,/data/user/0/com.android.providers.contacts/databases/contacts2.db,false,false,11
03-01 22:20:32.178  2075  2306 V AlarmManager: sending alarm Alarm{43a4bac type 3 origWhen 2020985534 whenElapsed 2020987029 com.google.android.gms} uid 10111 whenElapsed 2020987029 windowLength 0 maxWhenElapsed 2020987029 repeatInterval 0 action com.google.android.gms.gcm.ACTION_CHECK_QUEUE component ComponentInfo{com.google.android.gms/com.google.android.gms.gcm.nts.SchedulerInternalReceiver} flags 0x0 procName com.google.android.gms.persistent
03-01 22:20:32.256  2075  2103 V WindowOrientationListener: onSensorChanged mDesiredRotation = 4
03-01 22:20:32.555  2075  2075 D MBrainLocalService: isVendorFreezeConditionPass is false
03-01 22:20:32.555  2075  2075 D MBrainLocalService: notifyNetworkChange failed
03-01 22:20:32.890  2075  6706 D UsageStatsService: User[999] type=0 b=1772383513207 e=1772383832890 cb=1772359059550 ce=1772383521140 disk=0 all=1
03-01 22:20:32.929  2075  2415 W ContextImpl: Calling a method in the system process without a qualified user: android.app.ContextImpl.sendBroadcast:1261 com.android.server.job.controllers.OplusCpuController.notifyHighCpuEventForApp:387 com.android.server.job.controllers.OplusCpuController.handleCpuUpdate:333 com.android.server.job.controllers.OplusCpuController.-$$Nest$mhandleCpuUpdate:0 com.android.server.job.controllers.OplusCpuController$CpuTrackerHandler.handleMessage:257 
03-01 22:20:33.155  2075  2172 D OplusFeatureGameBrightness: lux = 37
03-01 22:20:33.555  2075  2172 D OplusFeatureGameBrightness: lux = 88
03-01 22:20:35.415  2075  2761 W ActivityManager: Unable to start service Intent { act=deepthinker.intent.action.BIND_INTERFACE_SERVER pkg=com.oplus.deepthinker mCallingUid=1000 } U=0: not found
03-01 22:20:35.415  2075  2172 D OplusDisplayBrightnessBroadcastReceiver: onReceive action = android.intent.action.BATTERY_CHANGED , listeners = [com.android.server.display.OplusFeatureHDREnhanceBrightness$PhoneInfoReceiver@2e7d5fa, com.android.server.display.OplusFeatureEdrEnhanceBrightness$PhoneInfoReceiver@94477ab]
03-01 22:20:36.689  2075  3002 D OplusProxyWakeLock: check proxy worksource [ 10370] failed, reason:TAG_NULL ,tag: *job*
03-01 22:20:36.702  2075  2650 I ActivityManager: Killing 32247:com.android.keychain/1000 (adj 975): empty #17
03-01 22:20:36.737  2075  2650 I ActivityManager: Death received, pid = 32247, processName = com.android.keychain for thread android.os.BinderProxy@3656a88
03-01 22:20:37.181  2075  2132 I ActivityManager: Start proc 3469:com.google.android.gms/u999a111 for service {com.google.android.gms/com.google.android.gms.ipa.base.IpaGcmTaskService}
03-01 22:20:37.221  2075  2650 D ActivityTaskManagerServiceExtImpl: preBindApplication record is null
03-01 22:20:37.238  3469  3469 E OplusCustomizePackageManager: mIOplusCustomizePackageManagerService is null
03-01 22:20:37.238  3469  3469 E OplusCustomizePackageManager: mIOplusCustomizePackageManagerService is null
03-01 22:20:37.238  3469  3469 E OplusCustomizePackageManager: isOplusCertificatePackage Errorjava.lang.NullPointerException: Attempt to invoke interface method 'boolean android.os.customize.IOplusCustomizePackageManagerService.isOplusCertificatePackage(java.lang.String)' on a null object reference
03-01 22:20:37.318  3469  3469 D ResourcesManagerExtImpl: applyConfigurationToAppResourcesLocked app.getDisplayId() return callback.displayId:-1
03-01 22:20:37.488  2075  2650 I ActivityManager: Flag disabled. Ignoring finishAttachApplication from uid: 99910111. pid: 3469
03-01 22:20:37.523  2075  2572 D CompatChangeReporter: Compat change id reported: 311208629; UID 99910111; state: ENABLED
03-01 22:20:37.527  2075  2761 I ActivityManager: Killing 32460:com.oplus.safecenter/1000 (adj 965): empty #17
03-01 22:20:37.547  2075  3712 I ActivityManager: Death received, pid = 32460, processName = com.oplus.safecenter for thread android.os.BinderProxy@c509b83
03-01 22:20:39.121  2075  2075 D MBrainLocalService: isVendorFreezeConditionPass is false
03-01 22:20:39.121  2075  2075 D MBrainLocalService: notifyNetworkChange failed
03-01 22:20:39.701  2075  2529 D OAppNetControlService: Hans update:[10770=true][0|0] blackList:[10383, 10384, 10770]
03-01 22:20:41.282  2075  2172 D OplusDisplayBrightnessBroadcastReceiver: onReceive action = android.intent.action.BATTERY_CHANGED , listeners = [com.android.server.display.OplusFeatureHDREnhanceBrightness$PhoneInfoReceiver@2e7d5fa, com.android.server.display.OplusFeatureEdrEnhanceBrightness$PhoneInfoReceiver@94477ab]
03-01 22:20:41.285  2075  2761 W ActivityManager: Unable to start service Intent { act=deepthinker.intent.action.BIND_INTERFACE_SERVER pkg=com.oplus.deepthinker mCallingUid=1000 } U=0: not found
03-01 22:20:41.568  2075  3712 I ActivityManager: Killing 32028:com.truecaller/u0a321 (adj 985): empty #17
03-01 22:20:41.644  2075  2648 I ActivityManager: Death received, pid = 32028, processName = com.truecaller for thread android.os.BinderProxy@be9a20c
03-01 22:20:41.650  2075  2103 D DisplayManagerService: Drop pending events for gone uid 10321
03-01 22:20:41.945   630  3368 I keystore2: system/security/keystore2/watchdog/src/lib.rs:319 - Watchdog thread idle -> terminating. Have a great day.
03-01 22:20:42.096  2075  2170 D PowerManagerService: userActivityNoUpdateLocked: groupId=0, eventTime=834636729, event=touch, flags=0x0, uid=1000
03-01 22:20:42.174  2075  3712 E OplusMultiAppUserRestoreManager: checkMultiAppUser completed, sErrorType = 0
03-01 22:20:42.178  2075  3712 E OplusAppQuickStart_AppQuickStartController: notifyStartActivity intent:Intent { act=android.intent.action.MAIN cat=[android.intent.category.LAUNCHER] flg=0x10200000 cmp=com.whatsapp.w4b/com.whatsapp.Main bnds=[360,872][528,1060] }
03-01 22:20:42.181  2075  3712 D MultiApp-CMAService: isLauncherPackage intent: Intent { act=android.intent.action.MAIN cat=[android.intent.category.LAUNCHER] flg=0x10200000 cmp=com.whatsapp.w4b/com.whatsapp.Main bnds=[360,872][528,1060] mCallingUid=10191 } pkgName: com.android.launcher
03-01 22:20:42.182  2075  3712 D adaptiveSmoothAnim: checkSecondaryPageStartupStatus not support sourcePackage=com.android.launcher
03-01 22:20:42.182  2075  3712 D LockSettingsService: [getSeparateProfileChallengeEnabled] userId = 999
03-01 22:20:42.193  2075  3712 D WindowManager: NFW_setClientVisible:ActivityRecord{d6cc6bf u999 com.whatsapp.w4b/com.whatsapp.Main clientVisible:true
03-01 22:20:42.194  2075  3712 D FlexibleTaskController: isSupportFlexibleWindow target = com.whatsapp.w4b/com.whatsapp.Main callPkg = FlexibleTaskController support = true ,caller = 2075
03-01 22:20:42.194  2075  3712 D ActivityStarterExtImpl: do not intercept for realCallingAppIsHomeApp or CallingAppIsHomeApp
03-01 22:20:42.195  2075  3712 D FlexibleWindowManagerService: isIgnoreAppearedAcrossTask:false
03-01 22:20:42.195  2075  3712 D FlexibleWindowManagerService: isIgnoreAppearedAcrossTask:false
03-01 22:20:42.195  2075  3712 D FlexibleTaskController: findSourceTaskForFreeForm: sourceRecord = null ,realCallingPid:2958 ,launchFromZoomMode:false ,prevTopTask:Task{336f83d #408 type=home I=com.android.launcher/.Launcher}
03-01 22:20:42.195  2075  3712 D FlexibleTaskController: findSourceTaskForFreeForm: the caller is not a flexible freeform window application and does not have a zoom windowMode startup parameter
03-01 22:20:42.195  2075  3712 D FlexibleTaskController: adjustOptionsForFlexibleTask not allow options follow process task's options, reason:9 ,reusedOptions:null
03-01 22:20:42.195  2075  3712 D FlexibleTaskController: isSupportFlexibleWindow target = com.whatsapp.w4b/com.whatsapp.Main callPkg = FlexibleTaskController support = true ,caller = 2075
03-01 22:20:42.195  2075  3712 D FlexibleWindowManagerService: no reused task found for ActivityRecord{d6cc6bf u999 com.whatsapp.w4b/com.whatsapp.Main t-1}
03-01 22:20:42.204  2075  3712 D OplusStartingWindowManager: we don't revise window flags for third app
03-01 22:20:42.204  2075  3712 D ActivityTaskManager: validateStartingWindowTheme:  Pkg=com.whatsapp.w4b, Translucent=false, Floating=false, ShowWallpaper=false, Disable=false, LaunchSource=2
03-01 22:20:42.204  2075  3712 D ActivityTaskManager: addStartingWindow for ActivityRecord{d6cc6bf u999 com.whatsapp.w4b/com.whatsapp.Main t1869}, mainWin=null, state=INITIALIZING, isKeyguardLocked=false, isKeyguardGoingAway=false
03-01 22:20:42.204  2075  3712 D ActivityTaskManager: getStartingWindowType: , newTask=true, taskSwitch=true, processRunning=true, allowTaskSnapshot=true, activityCreated=false, activityAllDrawn=false, snapshot exist: false
03-01 22:20:42.204  2075  3712 D ActivityRecordExtImpl: handleStartingWindowForCompactWindow origin type:2, adjustType : 2
03-01 22:20:42.204  2075  3712 D OplusAppQuickStart_OplusAppQuickStart: isInRemoteInterrupt isInInterruptScene:false, recents=null, ar=ActivityRecord{d6cc6bf u999 com.whatsapp.w4b/com.whatsapp.Main t1869}
03-01 22:20:42.206  2075  3712 D OplusAppQuickStart_AppQuickStartingSurface: createSplashScreenSurface reuse: Surface(name=OplusStartingSurface)/@0x19b5551, @parent:null, @request:Task{7e680d5 #1869 type=standard A=99910370:com.whatsapp.w4b}Rect(0, 0 - 720, 1604), @type:2, shared:false
03-01 22:20:42.206  2075  3712 D OplusAppQuickStart_AppQuickStartingSurface: splash window of com.whatsapp.w4b is dark, making the startingsurface dark too
03-01 22:20:42.206  2075  3712 D OplusAppQuickStart_AppQuickStartingSurface: create STARTING_WINDOW_TYPE_SPLASH_SCREEN with bitmap: ActivityRecord{d6cc6bf u999 com.whatsapp.w4b/com.whatsapp.Main t1869}
03-01 22:20:42.207  2075  3712 D OplusAppQuickStart_AppQuickStartingSurface: init startingSurface syncTransition=false, applyImmediately: true, surface: Surface(name=OplusStartingSurface)/@0x19b5551, @parent:Surface(name=Task=1869)/@0xc831b6, @request:Task{7e680d5 #1869 type=standard A=99910370:com.whatsapp.w4b}Rect(0, 0 - 720, 1604), @type:2, shared:false
03-01 22:20:42.207  2075  3712 D ActivityTaskManager: setAppVisibility(Token{223f0ea ActivityRecord{d6cc6bf u999 com.whatsapp.w4b/com.whatsapp.Main t1869}}, visible=true): mNextAppTransitionRequests=[], mNextAppTransitionFlags=,mAppTransitionState=APP_STATE_IDLE visible=false mVisibleRequested=false
03-01 22:20:42.207  2075  3712 D ActivityTaskManager: setVisibility(Token{223f0ea ActivityRecord{d6cc6bf u999 com.whatsapp.w4b/com.whatsapp.Main t1869}}, visible=true) defer commitVisibility for transition collecting
03-01 22:20:42.207  2075  3712 D OplusFlexibleActivityTransitionManager: fixTransitType type result:1, targets: null
03-01 22:20:42.209  2075  3712 D OplusAppQuickStart_AppQuickStartController: showStartingSurface== activityRecord:ActivityRecord{d6cc6bf u999 com.whatsapp.w4b/com.whatsapp.Main t1869}, tx= 8912057973423, mCurrentAppQuickStartingSurfaceOplusAppQuickStartingSurface{mSurfaceControl=Surface(name=OplusStartingSurface)/@0x19b5551, @parent:Surface(name=Task=1869)/@0xc831b6, @request:Task{7e680d5 #1869 type=standard A=99910370:com.whatsapp.w4b}Rect(0, 0 - 720, 1604), @type:2, shared:false, mActivityRecord=ActivityRecord{d6cc6bf u999 com.whatsapp.w4b/com.whatsapp.Main t1869}, mTask=Task{7e680d5 #1869 type=standard A=99910370:com.whatsapp.w4b}, mStartFromRecents=false, mStartFromSlide=false, mIsMovingToBack=false}
03-01 22:20:42.209  2075  3712 D OplusAppQuickStart_AppQuickStartingSurface: real show: Surface(name=OplusStartingSurface)/@0x19b5551, @parent:Surface(name=Task=1869)/@0xc831b6, @request:Task{7e680d5 #1869 type=standard A=99910370:com.whatsapp.w4b}Rect(0, 0 - 720, 1604), @type:2, shared:false reason: onPreTransactionReady
03-01 22:20:42.209  2075  3712 D adaptiveSmoothAnim_Main: remote start animation 13542
03-01 22:20:42.210  2075  3712 D adaptiveSmoothAnim_Main: updateStartingWindowInfo ar=ActivityRecord{d6cc6bf u999 com.whatsapp.w4b/com.whatsapp.Main t1869}
03-01 22:20:42.212  2075  3712 D OplusAppQuickStart_AppQuickStartController: shouldPauseImmediately prev:ActivityRecord{e7cedc9 u0 com.android.launcher/.Launcher t408} resume:ActivityRecord{d6cc6bf u999 com.whatsapp.w4b/com.whatsapp.Main t1869}
03-01 22:20:42.212  2075  2318 D OplusAppQuickStart_OplusAppQuickStart: decodeByteArray load bitmapFile: com.whatsapp.w4b_0_33.webp loadFromDisk: false cost: 6 ms
03-01 22:20:42.212  2075  2318 D OplusAppQuickStart_AppQuickStartingSurface: loadBitmapAndDrawSurface CaptureFile{fileName: com.whatsapp.w4b_0_33.webp, activityRotation: 0, fileRotation: 0, bitmap: android.graphics.Bitmap@f8a4945[648x1443]}
03-01 22:20:42.212  2075  2318 D OplusAppQuickStart_AppQuickStartingSurface: loadBitmapAndDrawSurface CaptureFile{fileName: com.whatsapp.w4b_0_33.webp, activityRotation: 0, fileRotation: 0, bitmap: android.graphics.Bitmap@f8a4945[648x1443]}, surface: Surface(name=OplusStartingSurface)/@0x19b5551, @parent:Surface(name=Task=1869)/@0xc831b6, @request:Task{7e680d5 #1869 type=standard A=99910370:com.whatsapp.w4b}Rect(0, 0 - 720, 1604), @type:2, shared:false
03-01 22:20:42.213  2075  2075 D MBrainLocalService: isVendorFreezeConditionPass is false
03-01 22:20:42.213  2075  2075 E MBrainLocalService: notifyAppSwitch failed
03-01 22:20:42.214  2075  3712 D ActivityTaskManager: setAppVisibility(Token{1424548 ActivityRecord{e7cedc9 u0 com.android.launcher/.Launcher t408}}, visible=false): mNextAppTransitionRequests=[], mNextAppTransitionFlags=,mAppTransitionState=APP_STATE_IDLE visible=true mVisibleRequested=true
03-01 22:20:42.214  2585  2746 D PhoneStartingWindowTypeAlgorithm: preferredStartingWindowType newTask=true, taskSwitch=true, processRunning=true, allowTaskSnapshot=true, activityCreated=false, isSolidColorSplashScreen=false, legacySplashScreen=false, activityDrawn=false, windowless=false, topIsHome=false
03-01 22:20:42.214  2585  2746 D OplusShellStartingWindowManager: getReviseStartingWindowType not support, windowInfo is null
03-01 22:20:42.214  2075  3712 D ActivityTaskManager: setVisibility(Token{1424548 ActivityRecord{e7cedc9 u0 com.android.launcher/.Launcher t408}}, visible=false) defer commitVisibility for transition collecting
03-01 22:20:42.215  2075  3712 D WindowManager: rotation(ROTATION_0) no changed  displayId = 0, lastOrientation = -1
03-01 22:20:42.216  2075  3712 D ActivityTaskManager: setAppVisibility(Token{223f0ea ActivityRecord{d6cc6bf u999 com.whatsapp.w4b/com.whatsapp.Main t1869}}, visible=true): mNextAppTransitionRequests=[], mNextAppTransitionFlags=,mAppTransitionState=APP_STATE_IDLE visible=false mVisibleRequested=true
03-01 22:20:42.216  2075  3712 D ActivityTaskManager: setVisibility(Token{223f0ea ActivityRecord{d6cc6bf u999 com.whatsapp.w4b/com.whatsapp.Main t1869}}, visible=true) defer commitVisibility for transition collecting
03-01 22:20:42.216  2075  2965 D NativeFreezeManager: freezeForAppSwitchScene mAppLaunchFzDxEnable enter, mFgAppPkgname com.whatsapp.w4b
03-01 22:20:42.216  2075  3712 D OplusDexOptimizeManager: basepath == oldPackagePath! com.whatsapp.w4b
03-01 22:20:42.216  2075  3712 D OplusCameraStartupOptimization: cameraPreopenIfNeed, r = ActivityRecord{d6cc6bf u999 com.whatsapp.w4b/com.whatsapp.Main t1869}
03-01 22:20:42.216  2075  3712 D OplusCameraStartupOptimization: needOptimizeForCamera bNeedOptimize:false clsName: com.whatsapp.w4b/com.whatsapp.Main
03-01 22:20:42.217  2075  3712 D ActivityTaskManager: onWindowFocusChanged Task{7e680d5 #1869 type=standard A=99910370:com.whatsapp.w4b} would transfer to compact
03-01 22:20:42.217  2075  3712 D ActivityTaskManager: NFW_setLastResumedActivityUncheckLocked:true r:ActivityRecord{d6cc6bf u999 com.whatsapp.w4b/com.whatsapp.Main t1869} currentFocus:Window{f7548cf u0 com.android.launcher/com.android.launcher.Launcher}
03-01 22:20:42.217  2075  3712 D WindowManager: NFW_findFocusedWindowIfNeeded:null mCurrentFocus:Window{f7548cf u0 com.android.launcher/com.android.launcher.Launcher}
03-01 22:20:42.218  2075  3712 V WindowManager: Changing focus from Window{f7548cf u0 com.android.launcher/com.android.launcher.Launcher} to null,diplayid=0
03-01 22:20:42.218  2075  2318 D OplusAppQuickStart_AppQuickStartingSurface: writeSurfaceContent bounds:Rect(0, 0 - 720, 1604) scaleX 1.1111112 scaleY 1.1115731 sc:Surface(name=OplusStartingSurface)/@0x19b5551 cost: 4
03-01 22:20:42.218  2075  3712 D ActivityTaskManager: notifyTaskAdded, task: Task{7e680d5 #1869 type=standard A=99910370:com.whatsapp.w4b} trace:com.android.server.wm.RecentTasks.add:1365 com.android.server.wm.ActivityTaskManagerService.setLastResumedActivityUncheckLocked:5514 com.android.server.wm.ActivityTaskSupervisor.updateTopResumedActivityIfNeeded:2691 com.android.server.wm.TaskFragment.setResumedActivity:657 com.android.server.wm.TaskFragment.onActivityStateChanged:1020 
03-01 22:20:42.219  2075  3712 D FlexibleTaskController: onTaskFocusChanged prevTask:Task{336f83d #408 type=home I=com.android.launcher/.Launcher} ,currentTask:Task{7e680d5 #1869 type=standard A=99910370:com.whatsapp.w4b}, reason: realStartActivityLocked - onActivityStateChanged
03-01 22:20:42.219  2075  3712 D OplusFlexibleDCSManager: onNextPkgChanged pkg = com.whatsapp.w4b
03-01 22:20:42.223  2585  2746 D OplusShellStartingWindowManager: adjustSuggestedWindowType originType: 1, wi: StartingWindowInfo{taskId=1869 targetActivityInfo=null displayId=0 topActivityType=1 preferredStartingWindowType=8f insetsState=null topWindowLayoutParams=null mainWindowLayoutParams=null splashScreenThemeResId 7f1504c2, exi: OplusStartingWindowExtendedInfo{mAppToken=android.os.BinderProxy@51d9db3, mSupportSplashScreenPreview=false, mIsSystemApp=false, mIsExceptionListApp=false, mPreviewBitmap=null, mShouldDrawBackground=false, mForceLightMode=false, mForceNightMode=false, mNotSupportNightMode=false, mForcePreview=false, mForceBigIcon=false, mQuickStartingSurface=null, mForceSolidColorSplash=false}
03-01 22:20:42.223  2585  2746 D OplusShellStartingWindowManager: adjustSuggestedWindowType: skip no-system app and no-exception list app
03-01 22:20:42.223  2075  3712 D FlexibleWindowManagerService: onFlexibleWindowTaskAppeared: task = 1869
03-01 22:20:42.223  2075  3712 D OplusFlexibleWindowMinimizedManagerHelper: onTaskAppered taskInfo:1869
03-01 22:20:42.223  2075  3712 D OplusFlexibleDragToSplitAnimController: visibleFlexibleTaskInfos delete:1869
03-01 22:20:42.223  2075  3712 I TaskOrganizerController: onTaskInfoChanged taskid 1 config { mBounds=Rect(0, 0 - 720, 1604) mAppBounds=Rect(0, 0 - 720, 1604) mMaxBounds=Rect(0, 0 - 720, 1604) mDisplayRotation=ROTATION_0 mWindowingMode=fullscreen mActivityType=home mAlwaysOnTop=undefined mRotation=ROTATION_0}
03-01 22:20:42.224  2585  2702 V WindowManagerShell: Transition requested (#13542): android.os.BinderProxy@f1adf70 TransitionRequestInfo { type = OPEN, triggerTask = TaskInfo{userId=999 taskId=1869 displayId=0 isRunning=true baseIntent=Intent { act=android.intent.action.MAIN cat=[android.intent.category.LAUNCHER] flg=0x10200000 cmp=com.whatsapp.w4b/com.whatsapp.Main mCallingUid=10191 } baseActivity=ComponentInfo{com.whatsapp.w4b/com.whatsapp.Main} topActivity=ComponentInfo{com.whatsapp.w4b/com.whatsapp.Main} origActivity=null realActivity=ComponentInfo{com.whatsapp.w4b/com.whatsapp.Main} numActivities=1 lastActiveTime=2020997070 supportsSplitScreenMultiWindow=true supportsMultiWindow=true supportsPocketStudioMultiWindow=true isInFlexibleEmbedded = false uid = 99910370 pid = 2634 resizeMode=1 isResizeable=true minWidth=-1 minHeight=-1 defaultMinSize=220 token=WCT{android.window.IWindowContainerToken$Stub$Proxy@52b1b6e} topActivityType=1 pictureInPictureParams=null shouldDockBigOverlays=false launchIntoPipHostTaskId=-1 lastParentTaskIdBeforePip=-1 displayCutoutSafeInsets=Rect(0, 83 - 0, 0) topActivityInfo=ActivityInfo{aca620f com.whatsapp.Main} launchCookies=[android.os.BinderProxy@8a6829c] positionInParent=Point(0, 0) parentTaskId=-1 isFocused=true isVisible=false isVisibleRequested=true isSleeping=false locusId=null displayAreaFeatureId=1 isTopActivityTransparent=false appCompatTaskInfo=AppCompatTaskInfo { topActivityInSizeCompat=false topActivityInOplusCompatMode=false topActivityEligibleForLetterboxEducation= falseisLetterboxEducationEnabled= false isLetterboxDoubleTapEnabled= false topActivityEligibleForUserAspectRatioButton= false topActivityBoundsLetterboxed= false isFromLetterboxDoubleTap= false topActivityLetterboxVerticalPosition= -1 topActivityLetterboxHorizontalPosition= -1 topActivityLetterboxWidth=720 topActivityLetterboxHeight=1604 isUserFullscreenOverrideEnabled=false isSystemFullscreenOverrideEnabled=false cameraCompatTaskInfo=CameraCompatTaskInfo { cameraCompatControlState=hidden freeformCameraCompatMode=inactive}} topActivityLetterboxInsets=Rect(0, 0 - 0, 0) mOplusExtraBundle = Bundle[mParcelledData.dataSize=348]}, pipTask = null, remoteTransition = RemoteTransition { remoteTransition = android.window.IRemoteTransition$Stub$Proxy@b5954a5, recentAnimRunner = null, appThread = android.app.IApplicationThread$Stub$Proxy@971807a, debugName = QuickstepLaunch }, displayChange = null, flags = 0, debugId = 13542 }
03-01 22:20:42.224  2585  2702 V WindowManagerShell: RemoteTransition directly requested for (#13542) android.os.BinderProxy@f1adf70: RemoteTransition { remoteTransition = android.window.IRemoteTransition$Stub$Proxy@b5954a5, recentAnimRunner = null, appThread = android.app.IApplicationThread$Stub$Proxy@971807a, debugName = QuickstepLaunch }
03-01 22:20:42.224  2075  3712 D OplusFlexibleWindowMinimizedManagerHelper: onTaskInfoChanged taskInfo:TaskInfo{userId=0 taskId=1 displayId=0 isRunning=true baseIntent=Intent { act=android.intent.action.MAIN cat=[android.intent.category.HOME] flg=0x34000000 cmp=com.android.launcher/.Launcher mCallingUid=10191 } baseActivity=ComponentInfo{com.android.launcher/com.android.launcher.Launcher} topActivity=ComponentInfo{com.android.launcher/com.android.launcher.Launcher} origActivity=null realActivity=null numActivities=1 lastActiveTime=55404 supportsSplitScreenMultiWindow=false supportsMultiWindow=true supportsPocketStudioMultiWindow=false isInFlexibleEmbedded = false uid = 10191 pid = 2958 resizeMode=2 isResizeable=true minWidth=-1 minHeight=-1 defaultMinSize=220 token=WCT{RemoteToken{b5a10f1 Task{57a62a7 #1 type=home}}} topActivityType=2 pictureInPictureParams=null shouldDockBigOverlays=false launchIntoPipHostTaskId=-1 lastParentTaskIdBeforePip=-1 displayCutoutSafeInsets=Rect(0, 83 - 0, 0) topActivityInfo=ActivityInfo{f38f3c6 com.android.launcher.Launcher} launchCookies=[] positionInParent=Point(0, 0) parentTaskId=-1 isFocused=false isVisible=true isVisibleRequested=false isSleeping=false locusId=LocusId[17_chars] displayAreaFeatureId=1 isTopActivityTransparent=false appCompatTaskInfo=AppCompatTaskInfo { topActivityInSizeCompat=false topActivityInOplusCompatMode=false topActivityEligibleForLetterboxEducation= falseisLetterboxEducationEnabled= false isLetterboxDoubleTapEnabled= false topActivityEligibleForUserAspectRatioButton= false topActivityBoundsLetterboxed= false isFromLetterboxDoubleTap= false topActivityLetterboxVerticalPosition= -1 topActivityLetterboxHorizontalPosition= -1 topActivityLetterboxWidth=720 topActivityLetterboxHeight=1604 isUserFullscreenOverrideEnabled=false isSystemFullscreenOverrideEnabled=false cameraCompatTaskInfo=CameraCompatTaskInfo { cameraCompatControlState=hidden freeformCameraCompatMode=inactive}} topActivityLetterboxInsets=Rect(0, 0 - 0, 0) mOplusExtraBundle = Bundle[{androidx.flexible.taskFrame=Rect(0, 0 - 0, 0), key_flexible_task_state=0, androidx.activity.LaunchScenario=0, androidx.activity.LaunchScale=1.0}]} task:Task{57a62a7 #1 type=home}
03-01 22:20:42.225  2075  3712 D OplusFlexibleDragToSplitAnimController: visibleFlexibleTaskInfos delete:1
03-01 22:20:42.225  2075  2761 W WindowOrganizerController: skip start transition,TransitionRecord{50bf624 id=13542 track=0 type=OPEN flags=0x0 state=1}
03-01 22:20:42.225  2075  3712 D adaptiveSmoothAnim: cancle Skip finishNow for SyncGroup 13542
03-01 22:20:42.225  2075  3712 D OplusAppQuickStart_AppQuickStartController: showStartingSurface== activityRecord:ActivityRecord{d6cc6bf u999 com.whatsapp.w4b/com.whatsapp.Main t1869}, tx= 8912057973433, mCurrentAppQuickStartingSurfaceOplusAppQuickStartingSurface{mSurfaceControl=Surface(name=OplusStartingSurface)/@0x19b5551, @parent:Surface(name=Task=1869)/@0xc831b6, @request:Task{7e680d5 #1869 type=standard A=99910370:com.whatsapp.w4b}Rect(0, 0 - 720, 1604), @type:2, shared:false, mActivityRecord=ActivityRecord{d6cc6bf u999 com.whatsapp.w4b/com.whatsapp.Main t1869}, mTask=Task{7e680d5 #1869 type=standard A=99910370:com.whatsapp.w4b}, mStartFromRecents=false, mStartFromSlide=false, mIsMovingToBack=false}
03-01 22:20:42.225  2075  3712 D OplusAppQuickStart_AppQuickStartingSurface: real show: Surface(name=OplusStartingSurface)/@0x19b5551, @parent:Surface(name=Task=1869)/@0xc831b6, @request:Task{7e680d5 #1869 type=standard A=99910370:com.whatsapp.w4b}Rect(0, 0 - 720, 1604), @type:2, shared:false reason: onTransactionReady
03-01 22:20:42.225  2075  3712 D ActivityTaskManager: commitVisibility: ActivityRecord{d6cc6bf u999 com.whatsapp.w4b/com.whatsapp.Main t1869}: visible=true visibleRequested=true, isInTransition=true, runningAnimation=true 
03-01 22:20:42.225  2075  3712 D OplusAppQuickStart_AppQuickStartController: reset the value of mStartFromLauncherBeforeAnimGo to false
03-01 22:20:42.226  2075  3712 D Transition: collectOrderChanges onTopTasksEnd: [Task{7e680d5 #1869 type=standard A=99910370:com.whatsapp.w4b}], reportedOnTop:null, mOnTopTasksStart: [Task{7e680d5 #1869 type=standard A=99910370:com.whatsapp.w4b}], TDA child: [Task{d268215 #2 type=undefined}, Task{c3dce55 #1868 type=standard I=com.infexor.infexor_chat/.MainActivity}, Task{57a62a7 #1 type=home}, Task{7e680d5 #1869 type=standard A=99910370:com.whatsapp.w4b}]
03-01 22:20:42.226  2075  3712 D OplusFlexibleActivityTransitionManager: fixTransitType type result:1, targets: [Task{7e680d5 #1869 type=standard A=99910370:com.whatsapp.w4b}, Task{57a62a7 #1 type=home}]
03-01 22:20:42.226  2075  3712 D adaptiveSmoothAnim_Main: getPreReadyRootLeashIfNeed, surfaceControl=Surface(name=Transition Root: Task=1869)/@0x874fdc0, isTaskLeash=true, info={id=-1 t=OPEN f=0x0 trk=0 r=[] c=[] extendInfo=[OplusTransitionExtendedInfo{mTmpFinishT=null, mInOplusCompatMode=false, mIsProcessRunning=false, mHasMismatchBoundsTarget=false, mRecentsController=null, mIsTranslucentActivityToHome=false, mAvoidInterceptKeyEventToHome=false, mIsFromHome=false, mParentLeash=null, mIsOplusAnimRes=false, mIsFromOverlay=false, mIsBalAllow=false, mTaskNotInRecent=false, mIsLaunchFromSpruce=false, mIsLaunchFromDrive=false, mAssistScreenShowing=false, mUserIdTransition=-1, mInRemoteScene=false, mInPreReady=true, mPreStart=false, mToken=Token{29db342 TransitionRecord{50bf624 id=13542 track=0 type=OPEN flags=0x0 state=2}}, mShellApplyToken=null, mRequestTransitionTaskId=-1, mAbortTransitionOnShell=0, mTransitionId=-1, mAnimStartingPosition=[0, 0, 0, 0], mIsOpeningStkDialogActivity=false}]}
03-01 22:20:42.227  2075  3712 D OplusTransitionAnimationManager: markLaunchFromDriveIfNeed: isFromDrive = false
03-01 22:20:42.227  2075  3712 D OplusTransitionAnimationManager: markLaunchFromDriveIfNeed: isFromDrive = false
03-01 22:20:42.227  2075  3712 D QuickBackInputPolicy: resetInputInterceptState for remoteTransition: false
03-01 22:20:42.227  2075  3712 D adaptiveSmoothAnim_FadeAnimController: init done, mFadeTargetTokens={WindowToken{362527 type=2000 android.os.BinderProxy@e2aca41}=Operation{leash=null pending=false}}, fadeInDuration=50, fadeOutDuration=0
03-01 22:20:42.228  2075  3712 D adaptiveSmoothAnim_FadeAnimController: fadeAllWindowToken show=false, transition=TransitionRecord{50bf624 id=13542 track=0 type=OPEN flags=0x0 state=2} ,this= com.android.server.wm.LightOSFadeAnimController@1a0baf9
03-01 22:20:42.229  2075  3712 D adaptiveSmoothAnim_FadeAnimController: Setup alpha0 Window{989e3d4 u0 StatusBar}, leash=Surface(name=Surface(name=WindowToken{362527 type=2000 android.os.BinderProxy@e2aca41})/@0xd301e20 - animation-leash of token_transform)/@0xffdaa3e
03-01 22:20:42.230  2075  3712 D OplusTransitionController: onTransactionReady, transition: 13542, 
03-01 22:20:42.230  2075  3712 D OplusTransitionController:  info: {id=13542 t=OPEN f=0x0 trk=0 r=[0@Point(0, 0)] c=[{WCT{RemoteToken{eeef58d Task{7e680d5 #1869 type=standard A=99910370:com.whatsapp.w4b}}} m=OPEN f=NONE leash=Surface(name=Task=1869)/@0xc831b6 sb=Rect(0, 0 - 720, 1604) eb=Rect(0, 0 - 720, 1604) d=0 taskParent=-1},{WCT{RemoteToken{b5a10f1 Task{57a62a7 #1 type=home}}} m=TO_BACK f=SHOW_WALLPAPER leash=Surface(name=Task=1)/@0x55c3a4b sb=Rect(0, 0 - 720, 1604) eb=Rect(0, 0 - 720, 1604) d=0 taskParent=-1}] extendInfo=[OplusTransitionExtendedInfo{mTmpFinishT=null, mInOplusCompatMode=false, mIsProcessRunning=false, mHasMismatchBoundsTarget=false, mRecentsController=null, mIsTranslucentActivityToHome=false, mAvoidInterceptKeyEventToHome=false, mIsFromHome=true, mParentLeash=null, mIsOplusAnimRes=false, mIsFromOverlay=false, mIsBalAllow=false, mTaskNotInRecent=false, mIsLaunchFromSpruce=false, mIsLaunchFromDrive=false, mAssistScreenShowing=false, mUserIdTransition=0, mInRemoteScene=false, mInPreReady=true, mPreStart=false, mToken=Token{29db342 TransitionRecord{50bf624 id=13542 track=0 type=OPEN flags=0x0 state=2}}, mShellApplyToken=null, mRequestTransitionTaskId=1869, mAbortTransitionOnShell=0, mTransitionId=13542, mAnimStartingPosition=[0, 0, 0, 0], mIsOpeningStkDialogActivity=false}]}, 
03-01 22:20:42.230  2075  3712 D OplusTransitionController:  targets : [Task{7e680d5 #1869 type=standard A=99910370:com.whatsapp.w4b}, Task{57a62a7 #1 type=home}], 
03-01 22:20:42.230  2075  3712 D OplusTransitionController:  participants: {WallpaperWindowToken{3ad4168 token=android.os.Binder@7dfe036 showWhenLocked=false}, Task{7e680d5 #1869 type=standard A=99910370:com.whatsapp.w4b}, ActivityRecord{d6cc6bf u999 com.whatsapp.w4b/com.whatsapp.Main t1869}, ActivityRecord{e7cedc9 u0 com.android.launcher/.Launcher t408}, WallpaperWindowToken{e8f45ba token=android.os.Binder@d22c40c showWhenLocked=true}}, 
03-01 22:20:42.230  2075  3712 D OplusTransitionController:  playings:[TransitionRecord{50bf624 id=13542 track=0 type=OPEN flags=0x0 state=2}]
