03-01 22:20:00.875  2075  2106 D OplusFlexibleWindowMinimizedManagerHelper: onTaskInfoChanged taskInfo:TaskInfo{userId=0 taskId=1868 displayId=0 isRunning=true baseIntent=Intent { act=android.intent.action.MAIN cat=[android.intent.category.LAUNCHER] flg=0x10200000 cmp=com.infexor.infexor_chat/.MainActivity mCallingUid=10191 } baseActivity=ComponentInfo{com.infexor.infexor_chat/com.infexor.infexor_chat.MainActivity} topActivity=ComponentInfo{com.infexor.infexor_chat/com.infexor.infexor_chat.MainActivity} origActivity=null realActivity=ComponentInfo{com.infexor.infexor_chat/com.infexor.infexor_chat.MainActivity} numActivities=1 lastActiveTime=2020955547 supportsSplitScreenMultiWindow=true supportsMultiWindow=true supportsPocketStudioMultiWindow=true isInFlexibleEmbedded = false uid = 10770 pid = 1132 resizeMode=2 isResizeable=true minWidth=-1 minHeight=-1 defaultMinSize=220 token=WCT{RemoteToken{e860c10 Task{c3dce55 #1868 type=standard I=com.infexor.infexor_chat/.MainActivity}}} topActivityType=1 pictureInPictureParams=null shouldDockBigOverlays=false launchIntoPipHostTaskId=-1 lastParentTaskIdBeforePip=-1 displayCutoutSafeInsets=null topActivityInfo=ActivityInfo{432096c com.infexor.infexor_chat.MainActivity} launchCookies=[android.os.BinderProxy@db51b35] positionInParent=Point(0, 0) parentTaskId=-1 isFocused=true isVisible=true isVisibleRequested=true isSleeping=false locusId=null displayAreaFeatureId=1 isTopActivityTransparent=false appCompatTaskInfo=AppCompatTaskInfo { topActivityInSizeCompat=false topActivityInOplusCompatMode=false topActivityEligibleForLetterboxEducation= falseisLetterboxEducationEnabled= false isLetterboxDoubleTapEnabled= false topActivityEligibleForUserAspectRatioButton= false topActivityBoundsLetterboxed= false isFromLetterboxDoubleTap= false topActivityLetterboxVerticalPosition= -1 topActivityLetterboxHorizontalPosition= -1 topActivityLetterboxWidth=720 topActivityLetterboxHeight=1604 isUserFullscreenOverrideEnabled=false isSystemFullscreenOverrideEnabled=false cameraCompatTaskInfo=CameraCompatTaskInfo { cameraCompatControlState=hidden freeformCameraCompatMode=inactive}} topActivityLetterboxInsets=Rect(0, 0 - 0, 0) mOplusExtraBundle = Bundle[{androidx.flexible.taskFrame=Rect(0, 0 - 0, 0), key_flexible_task_state=0, androidx.activity.LaunchScenario=0, androidx.activity.LaunchScale=1.0}]} task:Task{c3dce55 #1868 type=standard I=com.infexor.infexor_chat/.MainActivity}
03-01 22:20:00.875  2075  2106 D OplusFlexibleDragToSplitAnimController: visibleFlexibleTaskInfos delete:1868
03-01 22:20:00.893  2585  2702 V WindowManagerShell: Transition animation finished (aborted=false), notifying core (#13537) android.os.BinderProxy@68052fa@0
03-01 22:20:00.893  2585  2702 D SplitScreen-->AppLockManager: setStartFromSafeControl mStartFromSafeControl=false
03-01 22:20:00.900  2075  3131 D Transition: finishTransition ar ActivityRecord{6ea6c5e u0 com.infexor.infexor_chat/.MainActivity t1868}, isVisibleRequested=true, state=RESUMED, visibleAtTransitionEndTokens={WallpaperWindowToken{3ad4168 token=android.os.Binder@7dfe036 showWhenLocked=false}, ActivityRecord{6ea6c5e u0 com.infexor.infexor_chat/.MainActivity t1868}}, this=TransitionRecord{bfd18d3 id=13537 track=0 type=OPEN flags=0x0 state=2}
03-01 22:20:00.900  2075  3131 D Transition: finishTransition ar ActivityRecord{e7cedc9 u0 com.android.launcher/.Launcher t408}, isVisibleRequested=false, state=PAUSED, visibleAtTransitionEndTokens={WallpaperWindowToken{3ad4168 token=android.os.Binder@7dfe036 showWhenLocked=false}, ActivityRecord{6ea6c5e u0 com.infexor.infexor_chat/.MainActivity t1868}}, this=TransitionRecord{bfd18d3 id=13537 track=0 type=OPEN flags=0x0 state=2}
03-01 22:20:00.900  2075  3131 D ActivityTaskManager: commitVisibility: ActivityRecord{e7cedc9 u0 com.android.launcher/.Launcher t408}: visible=false visibleRequested=false, isInTransition=false, runningAnimation=false 
03-01 22:20:00.900  2075  3131 D WindowManager: NFW_setClientVisible:ActivityRecord{e7cedc9 u0 com.android.launcher/.Launcher t408} clientVisible:false
03-01 22:20:00.901  2075  3131 D WindowManager: NFW_setClientVisible:WallpaperWindowToken{3ad4168 token=android.os.Binder@7dfe036 showWhenLocked=false} clientVisible:false
03-01 22:20:00.902  2075  3131 I OplusAppSwitchManagerService:  handleAppVisible , r = ActivityRecord{6ea6c5e u0 com.infexor.infexor_chat/.MainActivity t1868}
03-01 22:20:00.903  2075  3131 D OplusTransitionController: finishTransition, transition: TransitionRecord{bfd18d3 id=13537 track=0 type=OPEN flags=0x0 state=4}
03-01 22:20:00.904  2075  3131 D adaptiveSmoothAnim_FadeAnimController: fadeAllWindowToken show=true, transition=TransitionRecord{bfd18d3 id=13537 track=0 type=OPEN flags=0x0 state=4} ,this= com.android.server.wm.LightOSFadeAnimController@38ddcc3
03-01 22:20:00.906  2075  3131 D WindowManager: setKeyguardOccludedLw occluded=true,false,true
03-01 22:20:00.907  2075  2107 D SurfaceAnimationRunner: onAnimationStart:Surface(name=Surface(name=WindowToken{362527 type=2000 android.os.BinderProxy@e2aca41})/@0xd301e20 - animation-leash of token_transform)/@0xc1fb494
03-01 22:20:00.907  2075  3131 D OplusKeyguardTransitionController: validateKeyguardOcclusion force apply keyguard occlude =false
03-01 22:20:00.907  2075  3131 D WindowManager: setKeyguardOccludedLw occluded=true,true,false
03-01 22:20:00.907  2075  3131 D RefreshRate: ***** request traversal for refresh rate change, reason is highTempRefreshRateChanged: false, windowRefreshRateChanged: true, flexibleWindowStateChanged: false, has float/zoom window *****
03-01 22:20:00.907  2075  3131 D TransitionController: NFW_send RECOMPUTE_FOCUS in finishTransition
03-01 22:20:00.909  2585  2702 D ShellTaskOrganizer: onTransitionFinish, isRecent:false
03-01 22:20:00.909  2585  2702 V WindowManagerShell: Track 0 became idle
03-01 22:20:00.910  2075  2106 I TaskOrganizerController: onTaskInfoChanged taskid 1 config { mBounds=Rect(0, 0 - 720, 1604) mAppBounds=Rect(0, 0 - 720, 1604) mMaxBounds=Rect(0, 0 - 720, 1604) mDisplayRotation=ROTATION_0 mWindowingMode=fullscreen mActivityType=home mAlwaysOnTop=undefined mRotation=ROTATION_0}
03-01 22:20:00.911  2075  2106 D OplusFlexibleWindowMinimizedManagerHelper: onTaskInfoChanged taskInfo:TaskInfo{userId=0 taskId=1 displayId=0 isRunning=true baseIntent=Intent { act=android.intent.action.MAIN cat=[android.intent.category.HOME] flg=0x34000000 cmp=com.android.launcher/.Launcher mCallingUid=10191 } baseActivity=ComponentInfo{com.android.launcher/com.android.launcher.Launcher} topActivity=ComponentInfo{com.android.launcher/com.android.launcher.Launcher} origActivity=null realActivity=null numActivities=1 lastActiveTime=55404 supportsSplitScreenMultiWindow=false supportsMultiWindow=true supportsPocketStudioMultiWindow=false isInFlexibleEmbedded = false uid = 10191 pid = 2958 resizeMode=2 isResizeable=true minWidth=-1 minHeight=-1 defaultMinSize=220 token=WCT{RemoteToken{b5a10f1 Task{57a62a7 #1 type=home}}} topActivityType=2 pictureInPictureParams=null shouldDockBigOverlays=false launchIntoPipHostTaskId=-1 lastParentTaskIdBeforePip=-1 displayCutoutSafeInsets=Rect(0, 83 - 0, 0) topActivityInfo=ActivityInfo{f38f3c6 com.android.launcher.Launcher} launchCookies=[] positionInParent=Point(0, 0) parentTaskId=-1 isFocused=false isVisible=false isVisibleRequested=false isSleeping=false locusId=LocusId[17_chars] displayAreaFeatureId=1 isTopActivityTransparent=false appCompatTaskInfo=AppCompatTaskInfo { topActivityInSizeCompat=false topActivityInOplusCompatMode=false topActivityEligibleForLetterboxEducation= falseisLetterboxEducationEnabled= false isLetterboxDoubleTapEnabled= false topActivityEligibleForUserAspectRatioButton= false topActivityBoundsLetterboxed= false isFromLetterboxDoubleTap= false topActivityLetterboxVerticalPosition= -1 topActivityLetterboxHorizontalPosition= -1 topActivityLetterboxWidth=720 topActivityLetterboxHeight=1604 isUserFullscreenOverrideEnabled=false isSystemFullscreenOverrideEnabled=false cameraCompatTaskInfo=CameraCompatTaskInfo { cameraCompatControlState=hidden freeformCameraCompatMode=inactive}} topActivityLetterboxInsets=Rect(0, 0 - 0, 0) mOplusExtraBundle = Bundle[{androidx.flexible.taskFrame=Rect(0, 0 - 0, 0), key_flexible_task_state=0, androidx.activity.LaunchScenario=0, androidx.activity.LaunchScale=1.0}]} task:Task{57a62a7 #1 type=home}
03-01 22:20:00.911  2075  2106 D OplusFlexibleDragToSplitAnimController: visibleFlexibleTaskInfos delete:1
03-01 22:20:00.914  2075  2105 D WindowManager: NFW_findFocusedWindowIfNeeded:null mCurrentFocus:null
03-01 22:20:00.915  2075  4634 W UserManagerService: Requested status bar icon for non-badged user 0
03-01 22:20:00.921  2075  3131 W UserManagerService: Requested status bar icon for non-badged user 0
03-01 22:20:00.928  2075  2284 W JobServiceContext: Sending onNetworkChanged for a job that isn't started. JobStatus{6500e79 #u0a383/-1331025784 org.zwanoo.android.speedtest/com.google.android.datatransport.runtime.scheduling.jobscheduling.JobInfoSchedulerService u=0 s=10383 NET system stops=1 READY}
03-01 22:20:00.931  2075  3131 W UserManagerService: Requested status bar icon for non-badged user 0
03-01 22:20:01.057  2075  2107 D SurfaceAnimationRunner: onAnimationEnd:Surface(name=Surface(name=WindowToken{362527 type=2000 android.os.BinderProxy@e2aca41})/@0xd301e20 - animation-leash of token_transform)/@0xc1fb494
03-01 22:20:01.061  2075  2102 I Quality : BitmapCompressInfo:648,1443,3,95,267465539
03-01 22:20:01.062  2075  2102 D OplusAppQuickStart_OplusAppQuickStart: writeBuffer success: capBitmapFile=com.infexor.infexor_chat_0_33.webp cost: 388 ms
03-01 22:20:01.062  2075  2102 W Looper  : Slow dispatch took 434ms android.fg h=android.os.Handler c=android.view.SurfaceControl$Transaction$$ExternalSyntheticLambda4@d1384f5 m=0
03-01 22:20:01.062  2075  2102 W Looper  : Slow delivery took 430ms android.fg h=android.os.Handler c=com.android.server.power.hint.HintManagerService$MyUidObserver$$ExternalSyntheticLambda0@e50728a m=0
03-01 22:20:01.070  2075  2106 D RefreshRate: Refresh rate changing from 120.00001 to 60.0,maxRefreshRate=60.0 FOR:{
03-01 22:20:01.070  2075  2106 D RefreshRate:     | COURSE[; Win preferred rateId=0, appReqFirst=false, data= RateData{} ;win name:Splash Screen com.infexor.infexor_chat]
03-01 22:20:01.070  2075  2106 D RefreshRate:     | VOTES[PRIORITY_WINDOW_REQUEST -> Vote{mRefreshRate=60.0, mMinRefreshRate=60.0, mRequestSource=null};]
03-01 22:20:01.070  2075  2106 D RefreshRate:     | TIME:2026-03-01 16:50:01}
03-01 22:20:01.070  2075  2106 D DisplayModeDirector: setAppRequest displayId : 0  modeId: 1  requestedRefreshRate: 0.0  requestedMinRefreshRateRange: 0.0  requestedMaxRefreshRateRange: 60.0
03-01 22:20:01.070  2075  2105 D DisplayManagerServiceExtImpl: scheduleTraversalLocked intraversal=false
03-01 22:20:01.070  2075  2105 D DisplayManagerService: MSG_REQUEST_TRAVERSAL pendingCompleted=false
03-01 22:20:01.073  2075  2106 D DisplayManagerService: performTraversalInternal pendingTraversal
03-01 22:20:01.074  2075  2106 D DisplayDevice: setLayerStackLocked id=local:4627039422300187648 token=android.os.BinderProxy@a2a9560 stack=0->0
03-01 22:20:01.074  2075  2183 D LocalDisplayAdapter: setDesiredDisplayModeSpecsAsync: display unique id = local:4627039422300187648, display mode specs = defaultMode=0 allowGroupSwitching=false primaryRanges=physical: (0.0 120.0) render:  (0.0 60.0) appRequestRanges=physical: (0.0 120.0) render:  (0.0 60.0) idleScreenRefreshRate=null
03-01 22:20:01.122  2075  2105 I DisplayDeviceRepository: Display device changed render timings: "Built-in Screen", renderFrameRate=60.0, presentationDeadlineNanos=16600000, appVsyncOffsetNanos=1133334
03-01 22:20:01.123  2075  2105 D LogicalDisplayExt: set displayInfo flag FLAG_ROTATES_WITH_CONTENT
03-01 22:20:01.124  2075  2105 D DisplayManagerServiceExtImpl: scheduleTraversalLocked intraversal=false
03-01 22:20:01.124  2075  2105 I DisplayManagerServiceExtImpl: handle logical display changed logicalDisplay=id=0,stack=0,content=true,displayInfo{stack=0,type=1,id=0,uId=local:4627039422300187648,state=ON,pkg=null}
03-01 22:20:01.124  2075  2169 D BrightnessThermalClamper: Thermal status observer already started
03-01 22:20:01.124  2075  2105 D DisplayManagerService: Delivering display event: displayId=0, event=CHANGED
03-01 22:20:01.124  2075  2169 D BrightnessPowerClamper: Power throttling data is missing for configuration data.
03-01 22:20:01.130  2075  2105 D DisplayManagerService: MSG_REQUEST_TRAVERSAL pendingCompleted=false
03-01 22:20:01.132  2075  2103 D OplusVFXScreenEffectFeature: notifySFCompatWindowStateChange entered false
03-01 22:20:01.133  2075  2103 D FSS_FoldScreenBlackCoverController: displayChangeToOn, dc:Display{#0 state=ON size=720x1604 ROTATION_0}
03-01 22:20:01.133  2528  2528 D CastManagerService: onDisplayChanged.
03-01 22:20:01.140  2075  2103 D DisplayManagerService: performTraversalInternal pendingTraversal
03-01 22:20:01.140  2075  2103 D DisplayDevice: setLayerStackLocked id=local:4627039422300187648 token=android.os.BinderProxy@a2a9560 stack=0->0
03-01 22:20:01.169  2075  2183 D VRR [OPlusRefreshRateService]: handleConfigIdChange physicalDisplayId: 4627039422300187648 configId: 0 renderPeriod: 16666667
03-01 22:20:01.186  1132  1132 D OplusInputMethodUtil: init sDebug to false, init sDebugIme to false, init sAlwaysOn to false
03-01 22:20:01.186  1132  1132 D OplusInputMethodUtil: updateDebugToClass InputMethodManager.DEBUG = false
03-01 22:20:01.186  1132  1132 D OplusInputMethodUtil: updateDebugToClass ImeFocusController.DEBUG = false
03-01 22:20:01.186  1132  1132 D OplusInputMethodUtil: updateDebugToClass InsetsController.DEBUG = false
03-01 22:20:01.186  1132  1132 D OplusInputMethodUtil: updateDebugToClass BaseInputConnection.DEBUG = false
03-01 22:20:01.209  1132  1132 I Quality : ActivityThread: activityStart delay 383 com.infexor.infexor_chat 1132
03-01 22:20:01.211  1132  1132 D ActivityThread: ComponentInfo{com.infexor.infexor_chat/com.infexor.infexor_chat.MainActivity} checkFinished=false 2
03-01 22:20:01.212  1132  1132 D ResourcesManagerExtImpl: applyConfigurationToAppResourcesLocked app.getDisplayId() return callback.displayId:0
03-01 22:20:01.224  2075  2761 W UserAwareMgr: notifyAppRenderThreadCreated pkgName: com.infexor.infexor_chat, pid: 1132, renderTid: 1280, uid: 10770
03-01 22:20:01.230  2075  2761 I WindowManager: addWindow: New client android.os.BinderProxy@f150c1d : window=Window{1152e92 u0 com.infexor.infexor_chat/com.infexor.infexor_chat.MainActivity}
03-01 22:20:01.243  1132  1132 D ResourcesManagerExtImpl: applyConfigurationToAppResourcesLocked app.getDisplayId() return callback.displayId:0
03-01 22:20:01.256  2075  2761 D CoreBackPreview: Window{1152e92 u0 com.infexor.infexor_chat/com.infexor.infexor_chat.MainActivity}: Setting back callback OnBackInvokedCallbackInfo{mCallback=android.window.IOnBackInvokedCallback$Stub$Proxy@c6aa1d5, mPriority=0, mIsAnimationCallback=false}
03-01 22:20:01.256  2075  2761 D WindowManagerServiceExtImpl: extractConfigInfoAndRealFlags rotation=0, screenDp=360, residentWS:0, win=Window{1152e92 u0 com.infexor.infexor_chat/com.infexor.infexor_chat.MainActivity}
03-01 22:20:01.256  2075  2761 V WindowManager: Relayout Window{1152e92 u0 com.infexor.infexor_chat/com.infexor.infexor_chat.MainActivity}: viewVisibility=0, oldvis=4, req=720x1604, vsysui=LAYOUT_STABLE LAYOUT_FULLSCREEN, x=0, y=0
03-01 22:20:01.256  2075  2761 I WindowManager: Window{1152e92 u0 com.infexor.infexor_chat/com.infexor.infexor_chat.MainActivity} state from NO_SURFACE to DRAW_PENDING; reason: resetDrawState
03-01 22:20:01.259  2075  2761 D WindowManager: NFW_findFocusedWindowIfNeeded:Window{1152e92 u0 com.infexor.infexor_chat/com.infexor.infexor_chat.MainActivity} mCurrentFocus:null
03-01 22:20:01.259  2075  2761 V WindowManager: Changing focus from null to Window{1152e92 u0 com.infexor.infexor_chat/com.infexor.infexor_chat.MainActivity},diplayid=0
03-01 22:20:01.260  2075  2761 D WindowManager: setFrameRateStart invalid typeId return!
03-01 22:20:01.261  2075  2761 D WindowManager: setFrameRateStart invalid typeId return!
03-01 22:20:01.262  1132  1132 D VRI[MainActivity]: relayoutWindow result, sizeChanged:true, surfaceControlChanged:true, transformHintChanged:false, mSurfaceSize:Point(720, 1604), mLastSurfaceSize:Point(0, 0), mWidth:-1, mHeight:-1, requestedWidth:720, requestedHeight:1604, transformHint:0, installOrientation:0, displayRotation:0, isSurfaceValid:true, attr.flag:-2122252032, tmpFrames:ClientWindowFrames{frame=[0,0][720,1604] display=[0,0][720,1604] parentFrame=[0,0][0,0]}, relayoutAsync:false, mSyncSeqId:0
03-01 22:20:01.262  1132  1132 W VRI[MainActivity]: updateBlastSurfaceIfNeeded, surfaceSize:Point(720, 1604), lastSurfaceSize:Point(0, 0), format:-3, blastBufferQueue:null
03-01 22:20:01.382  2075  2172 D OplusDisplayBrightnessBroadcastReceiver: onReceive action = android.intent.action.BATTERY_CHANGED , listeners = [com.android.server.display.OplusFeatureHDREnhanceBrightness$PhoneInfoReceiver@2e7d5fa, com.android.server.display.OplusFeatureEdrEnhanceBrightness$PhoneInfoReceiver@94477ab]
03-01 22:20:01.390  2075  2089 W ActivityManager: Unable to start service Intent { act=deepthinker.intent.action.BIND_INTERFACE_SERVER pkg=com.oplus.deepthinker mCallingUid=1000 } U=0: not found
03-01 22:20:01.639  2075  2761 D OplusStartingWindowManager: updateRecordSurfaceViewState windowToken = android.os.BinderProxy@f150c1d, surfaceState = true, attachedToWindow = true, inList = false, win = Window{1152e92 u0 com.infexor.infexor_chat/com.infexor.infexor_chat.MainActivity}
03-01 22:20:01.644  2075  2761 D VRR [OPlusExternalRefreshRateManager]: isPkgTfcEnable: pkgName = com.infexor.infexor_chat, enable = false
03-01 22:20:01.644  2075  2761 D VRR [OPlusExternalRefreshRateManager]: getTfcMinFramerate: pkgName = com.infexor.infexor_chat, min framerate = 0
03-01 22:20:01.649  1132  1132 W VRI[MainActivity]: handleResized, msg:, frameChanged:false, configChanged:false, displayChanged:false, attachedFrameChanged:false, compatScaleChanged:false, pendingDragResizing=false
03-01 22:20:01.670  2075  2102 W Looper  : Drained
03-01 22:20:01.679  2075  2761 D ActivityTaskManager: Requested Orientation r = ActivityRecord{6ea6c5e u0 com.infexor.infexor_chat/.MainActivity t1868}, requestedOrientation = SCREEN_ORIENTATION_USER_PORTRAIT (12)
03-01 22:20:01.680  2075  2761 D WindowManager: rotation(ROTATION_0) no changed  displayId = 0, lastOrientation = 12
03-01 22:20:01.700  2075  2089 D WindowManagerServiceExtImpl: extractConfigInfoAndRealFlags rotation=0, screenDp=360, residentWS:0, win=Window{1152e92 u0 com.infexor.infexor_chat/com.infexor.infexor_chat.MainActivity}
03-01 22:20:01.700  2075  2089 V WindowManager: Relayout Window{1152e92 u0 com.infexor.infexor_chat/com.infexor.infexor_chat.MainActivity}: viewVisibility=0, oldvis=0, req=720x1604, vsysui=LAYOUT_STABLE LAYOUT_FULLSCREEN LIGHT_STATUS_BAR, x=0, y=0
03-01 22:20:01.702  2075  2089 I TaskOrganizerController: onTaskInfoChanged taskid 1868 config { mBounds=Rect(0, 0 - 720, 1604) mAppBounds=Rect(0, 0 - 720, 1604) mMaxBounds=Rect(0, 0 - 720, 1604) mDisplayRotation=ROTATION_0 mWindowingMode=fullscreen mActivityType=standard mAlwaysOnTop=undefined mRotation=ROTATION_0}
03-01 22:20:01.702  2075  2089 D OplusFlexibleWindowMinimizedManagerHelper: onTaskInfoChanged taskInfo:TaskInfo{userId=0 taskId=1868 displayId=0 isRunning=true baseIntent=Intent { act=android.intent.action.MAIN cat=[android.intent.category.LAUNCHER] flg=0x10200000 cmp=com.infexor.infexor_chat/.MainActivity mCallingUid=10191 } baseActivity=ComponentInfo{com.infexor.infexor_chat/com.infexor.infexor_chat.MainActivity} topActivity=ComponentInfo{com.infexor.infexor_chat/com.infexor.infexor_chat.MainActivity} origActivity=null realActivity=ComponentInfo{com.infexor.infexor_chat/com.infexor.infexor_chat.MainActivity} numActivities=1 lastActiveTime=2020955547 supportsSplitScreenMultiWindow=true supportsMultiWindow=true supportsPocketStudioMultiWindow=true isInFlexibleEmbedded = false uid = 10770 pid = 1132 resizeMode=2 isResizeable=true minWidth=-1 minHeight=-1 defaultMinSize=220 token=WCT{RemoteToken{e860c10 Task{c3dce55 #1868 type=standard I=com.infexor.infexor_chat/.MainActivity}}} topActivityType=1 pictureInPictureParams=null shouldDockBigOverlays=false launchIntoPipHostTaskId=-1 lastParentTaskIdBeforePip=-1 displayCutoutSafeInsets=null topActivityInfo=ActivityInfo{432096c com.infexor.infexor_chat.MainActivity} launchCookies=[android.os.BinderProxy@db51b35] positionInParent=Point(0, 0) parentTaskId=-1 isFocused=true isVisible=true isVisibleRequested=true isSleeping=false locusId=null displayAreaFeatureId=1 isTopActivityTransparent=false appCompatTaskInfo=AppCompatTaskInfo { topActivityInSizeCompat=false topActivityInOplusCompatMode=false topActivityEligibleForLetterboxEducation= falseisLetterboxEducationEnabled= false isLetterboxDoubleTapEnabled= false topActivityEligibleForUserAspectRatioButton= false topActivityBoundsLetterboxed= false isFromLetterboxDoubleTap= false topActivityLetterboxVerticalPosition= -1 topActivityLetterboxHorizontalPosition= -1 topActivityLetterboxWidth=720 topActivityLetterboxHeight=1604 isUserFullscreenOverrideEnabled=false isSystemFullscreenOverrideEnabled=false cameraCompatTaskInfo=CameraCompatTaskInfo { cameraCompatControlState=hidden freeformCameraCompatMode=inactive}} topActivityLetterboxInsets=Rect(0, 0 - 0, 0) mOplusExtraBundle = Bundle[{androidx.flexible.taskFrame=Rect(0, 0 - 0, 0), key_flexible_task_state=0, androidx.activity.LaunchScenario=0, androidx.activity.LaunchScale=1.0}]} task:Task{c3dce55 #1868 type=standard I=com.infexor.infexor_chat/.MainActivity}
03-01 22:20:01.702  2075  2089 D OplusFlexibleDragToSplitAnimController: visibleFlexibleTaskInfos delete:1868
03-01 22:20:01.702  2075  2089 D WindowManager: NFW_findFocusedWindowIfNeeded:Window{1152e92 u0 com.infexor.infexor_chat/com.infexor.infexor_chat.MainActivity} mCurrentFocus:Window{1152e92 u0 com.infexor.infexor_chat/com.infexor.infexor_chat.MainActivity}
03-01 22:20:01.703  1132  1132 D VRI[MainActivity]: relayoutWindow result, sizeChanged:false, surfaceControlChanged:false, transformHintChanged:false, mSurfaceSize:Point(720, 1604), mLastSurfaceSize:Point(720, 1604), mWidth:720, mHeight:1604, requestedWidth:720, requestedHeight:1604, transformHint:0, installOrientation:0, displayRotation:0, isSurfaceValid:true, attr.flag:-2122252032, tmpFrames:ClientWindowFrames{frame=[0,0][720,1604] display=[0,0][720,1604] parentFrame=[0,0][0,0]}, relayoutAsync:false, mSyncSeqId:0
03-01 22:20:01.703  1132  1132 W VRI[MainActivity]: updateBlastSurfaceIfNeeded, surfaceSize:Point(720, 1604), lastSurfaceSize:Point(720, 1604), format:-3, blastBufferQueue:android.graphics.BLASTBufferQueue@86621cc
03-01 22:20:01.779  2075  2568 D OplusStartingWindowManager: isLayerMatchToStartingWindow , activityHasSurfaceView:false, isLayerMatchToRecord:false, isSurfaceViewLayer:false, layerName:SurfaceView[com.infexor.infexor_chat/com.infexor.infexor_chat.MainActivity](BLAST)#158419, mStartingRecords:[com.android.server.wm.OplusStartingWindowManager$UniqueWeakReference@eea8d1a]
03-01 22:20:01.914  2075  2089 I WindowManager: Window{1152e92 u0 com.infexor.infexor_chat/com.infexor.infexor_chat.MainActivity} state from DRAW_PENDING to COMMIT_DRAW_PENDING; reason: finishDrawingLocked
03-01 22:20:01.914  2075  2089 D OplusTransitionAnimationManager: skipFinishDrawingIfNeed clientRotation=0, currentRotation=0, hasFixedRotationApp=false, requestedOrientation=12, win=Window{1152e92 u0 com.infexor.infexor_chat/com.infexor.infexor_chat.MainActivity}, activity=ActivityRecord{6ea6c5e u0 com.infexor.infexor_chat/.MainActivity t1868}, currentConfig={1.0 ??mcc??mnc [en_GB] ldltr sw360dp w360dp h802dp 320dpi nrml long port night finger -keyb/v/h -nav/h winConfig={ mBounds=Rect(0, 0 - 720, 1604) mAppBounds=Rect(0, 0 - 720, 1604) mMaxBounds=Rect(0, 0 - 720, 1604) mDisplayRotation=ROTATION_0 mWindowingMode=fullscreen mActivityType=standard mAlwaysOnTop=undefined mRotation=ROTATION_0} s.2 fontWeightAdjustment=0mThemeChanged= 0, mThemeChangedFlags= 0, mFlipFont= 0, mScenario= 0, mAccessibleChanged= -1, mUxIconConfig= 3465543965406134305, mMaterialColor= 0, mUserId= 0, mFontUserId= 0, mFontVariationSettings= 226, mFoldingAngle = -1.0, mIconPackName= , mDarkModeBackgroundMaxL= 0.0, mDarkModeDialogBgMaxL= 27.0, mDarkModeForegroundMinL= 100.0, mOplusConfigType= 1, mOplusChangedConfigs= 0, OpSans= -1, mBurmeseFontFlag= 2, mFlag= 0, mFlexibleActivitySuitable= -1, mPuttDisplayFlag= -1}
03-01 22:20:01.917  2075  2106 I WindowManager: Window{1152e92 u0 com.infexor.infexor_chat/com.infexor.infexor_chat.MainActivity} state from COMMIT_DRAW_PENDING to READY_TO_SHOW; reason: commitFinishDrawingLocked
03-01 22:20:01.917  2075  2106 D ActivityTaskManager: Finish StartingWindow: ActivityRecord{6ea6c5e u0 com.infexor.infexor_chat/.MainActivity t1868}first real window is shown
03-01 22:20:01.919  2075  2106 D ActivityTaskManager: removeStartingWindowAnimation starting ActivityRecord{6ea6c5e u0 com.infexor.infexor_chat/.MainActivity t1868} startingWindow=null ,startingView=com.android.server.wm.StartingSurfaceController$StartingSurface@37fb59a,Callers=com.android.server.wm.ActivityRecord.removeStartingWindow:3558 com.android.server.wm.ActivityRecord.onFirstWindowDrawn:8566 com.android.server.wm.WindowState.performShowLocked:5071 com.android.server.wm.WindowStateAnimator.commitFinishDrawingLocked:342 com.android.server.wm.DisplayContent.lambda$new$8:1141 
03-01 22:20:01.919  2075  2106 D OplusStartingWindowManager: interceptRemoveStartingWindow: packageName=com.infexor.infexor_chat,  componentName=com.infexor.infexor_chat/.MainActivity, isSnapshot=false, startingSurfaceRunnable=null, isDrawCompleted=false, hasSurfaceView=false, inTransition=false
03-01 22:20:01.919  2075  2106 D OplusSplitScreenDnDUI: notifyRemoveStartingWindow isSpitScreenDrag = false mDropTargetSurface = null StartingWindowpkgName = com.infexor.infexor_chat DragPkg = null isLauncherResume = false
03-01 22:20:01.921  2075  2106 D OplusStartingWindowManager: interceptRemoveStartingWindow: hasSplashWindowFlag() return false for activity=ActivityRecord{6ea6c5e u0 com.infexor.infexor_chat/.MainActivity t1868}
03-01 22:20:01.923  2075  2106 D WindowManager: setFrameRateStart invalid typeId return!
03-01 22:20:01.923  2075  2106 D adaptiveSmoothAnim_Main: updateStartingWindowRemovalInfo, quickSurface=OplusAppQuickStartingSurface{mSurfaceControl=Surface(name=OplusStartingSurface)/@0xb67b037, @parent:Surface(name=Task=1868)/@0x460f9a4, @request:Task{c3dce55 #1868 type=standard I=com.infexor.infexor_chat/.MainActivity}Rect(0, 0 - 720, 1604), @type:2, shared:false, mActivityRecord=ActivityRecord{6ea6c5e u0 com.infexor.infexor_chat/.MainActivity t1868}, mTask=Task{c3dce55 #1868 type=standard I=com.infexor.infexor_chat/.MainActivity}, mStartFromRecents=false, mStartFromSlide=false, mIsMovingToBack=true}, task=Task{c3dce55 #1868 type=standard I=com.infexor.infexor_chat/.MainActivity}
03-01 22:20:01.926  2075  2106 I Quality : LaunchTime2.0: com.infexor.infexor_chat/.MainActivity 1 1441 com.android.launcher 512 610
03-01 22:20:01.926  2075  2106 D QuickBackInputPolicy: setAppLaunchEndTime update timePair=Pair{ActivityRecord{6ea6c5e u0 com.infexor.infexor_chat/.MainActivity t1868} 834596563}
03-01 22:20:01.926  2075  2106 I WindowManager: Window{1152e92 u0 com.infexor.infexor_chat/com.infexor.infexor_chat.MainActivity} state from READY_TO_SHOW to HAS_DRAWN; reason: performShowLocked
03-01 22:20:01.930  2075  2568 D OplusStartingWindowManager: isLayerMatchToStartingWindow , activityHasSurfaceView:false, isLayerMatchToRecord:false, isSurfaceViewLayer:false, layerName:com.infexor.infexor_chat/com.infexor.infexor_chat.MainActivity#158414, mStartingRecords:[com.android.server.wm.OplusStartingWindowManager$UniqueWeakReference@eea8d1a]
03-01 22:20:01.968  2075  2106 D OplusAppQuickStart_AppQuickStartController: isSurfaceViewDrawn sf draw: false, has surface: false, surfaceViewAttachedWindow: false, white list: false, ar: ActivityRecord{6ea6c5e u0 com.infexor.infexor_chat/.MainActivity t1868}, preState: INITIALIZING, state: RESUMED
03-01 22:20:01.968  2075  2106 D OplusAppQuickStart_AppQuickStartController: scheduleHideStartingSurface startingSurfaceType=2 mReportedDrawn:true mNeedCap:false activityRecord:ActivityRecord{6ea6c5e u0 com.infexor.infexor_chat/.MainActivity t1868} timeout:false shouldDoCapture:false reason:windowSurfaceShow
03-01 22:20:01.972  2075  2761 D ClipboardService: clipboardAccessAllowed: op=29 result=true callingPackage=com.infexor.infexor_chat
03-01 22:20:01.972  2075  2089 D CoreBackPreview: Window{4119617 u0 Splash Screen com.infexor.infexor_chat}: Setting back callback null
03-01 22:20:01.972  2075  2258 D ActivityTaskManager: Clearing startingData for activity=ActivityRecord{e7cedc9 u0 com.android.launcher/.Launcher t408} mStartingData=null mStartingSurface=null
03-01 22:20:01.977  2075  2089 D adaptiveSmoothAnim_Main: skip StartingWindow exit animation, win=Window{4119617 u0 Splash Screen com.infexor.infexor_chat}
03-01 22:20:01.978  2075  2089 D WindowManager: setFrameRateStart invalid typeId return!
03-01 22:20:01.979  2075  2089 D WindowManager: NFW_findFocusedWindowIfNeeded:Window{1152e92 u0 com.infexor.infexor_chat/com.infexor.infexor_chat.MainActivity} mCurrentFocus:Window{1152e92 u0 com.infexor.infexor_chat/com.infexor.infexor_chat.MainActivity}
03-01 22:20:01.995  2075  2107 D SurfaceAnimationRunner: onAnimationStart:Surface(name=Surface(name=4119617 Splash Screen com.infexor.infexor_chat)/@0x101ed21 - animation-leash of window_animation)/@0x5fa099f
03-01 22:20:01.995  2075  2107 D SurfaceAnimationRunner: onAnimationEnd:Surface(name=Surface(name=4119617 Splash Screen com.infexor.infexor_chat)/@0x101ed21 - animation-leash of window_animation)/@0x5fa099f
03-01 22:20:01.995  2075  2106 I WindowStateExtImpl: onSurfaceShowChange show = false mPackageName = com.infexor.infexor_chat parentPkgName = com.infexor.infexor_chat
03-01 22:20:01.995  2075  2106 I WindowManager: Window{4119617 u0 Splash Screen com.infexor.infexor_chat EXITING} state from HAS_DRAWN to NO_SURFACE; reason: destroySurface
03-01 22:20:02.035  1132  1132 I Quality : GetResourcesInfo:60294846,/data/app/~~itUf7f7rN8pxYs6wdNkWWw==/com.google.android.marvin.talkback-2oyuvGaBPp_LU8fVARSywg==/base.apk
03-01 22:20:02.230  1132  1132 I Quality : GetResourcesInfo:67261616,/data/app/~~bBckNvwdnSwGYSnu46mZrw==/com.truecaller-BG4IXZnzvj0f9e7uZOhSOA==/base.apk
03-01 22:20:02.269  2075  2332 D InputMethodManagerService: isSecurity: attribute.packageName = com.infexor.infexor_chat mCurMethodId = com.google.android.inputmethod.latin/com.android.inputmethod.latin.LatinIME isSecurity = false ( enable = false needShow = false inBlackList = false isExist = true )
03-01 22:20:02.289  2075  2761 D WindowManager: setFrameRateStart invalid typeId return!
03-01 22:20:02.289  2075  2258 W PackageConfigPersister: App-specific configuration not found for packageName: com.infexor.infexor_chat and userId: 0
03-01 22:20:02.833  2075  2170 D PowerManagerService: userActivityNoUpdateLocked: groupId=0, eventTime=834597468, event=touch, flags=0x0, uid=1000
03-01 22:20:02.899  1132  1132 D OplusInputMethodManagerInternal: get inputMethodManager extension: com.android.internal.view.IInputMethodManager$Stub$Proxy@7fcf01d
03-01 22:20:02.907  2075  2332 D InputMethodManagerService: isSecurity: attribute.packageName = com.infexor.infexor_chat mCurMethodId = com.google.android.inputmethod.latin/com.android.inputmethod.latin.LatinIME isSecurity = false ( enable = false needShow = false inBlackList = false isExist = true )
03-01 22:20:02.912  2075  2761 W PackageConfigPersister: App-specific configuration not found for packageName: com.infexor.infexor_chat and userId: 0
03-01 22:20:02.913  2075  2332 I FlexibleTaskController: onShowImeRequested
03-01 22:20:02.941  2075  2568 V AutofillSession: Primary service component name: ComponentInfo{com.google.android.gms/com.google.android.gms.autofill.service.AutofillService}, secondary service component name: ComponentInfo{com.android.credentialmanager/com.android.credentialmanager.autofill.CredentialAutofillService}
03-01 22:20:02.944  2075  2568 V SecondaryProviderHandler: Creating a secondary provider handler with component name, ComponentInfo{com.android.credentialmanager/com.android.credentialmanager.autofill.CredentialAutofillService}
03-01 22:20:02.955  2075  2568 W FillRequestEventLogger: Couldn't find packageName: com.google.android.inputmethod.latin
03-01 22:20:02.962  2075  2761 D AutofillSession: createPendingIntent for request 3968
03-01 22:20:02.963  2075  2761 D ContentCapturePerUserService: Notified activity assist data for activity: Token{1be75f8 ActivityRecord{6ea6c5e u0 com.infexor.infexor_chat/.MainActivity t1868}} without a session Id
03-01 22:20:03.084  2075  2568 D WindowManagerServiceExtImpl: extractConfigInfoAndRealFlags rotation=0, screenDp=360, residentWS:0, win=Window{fd5047c u0 InputMethod}
03-01 22:20:03.084  2075  2568 V WindowManager: Relayout Window{fd5047c u0 InputMethod}: viewVisibility=0, oldvis=8, req=720x1521, vsysui=, x=0, y=0
03-01 22:20:03.084  2075  2568 I WindowManager: Window{fd5047c u0 InputMethod} state from NO_SURFACE to DRAW_PENDING; reason: resetDrawState
03-01 22:20:03.088  2075  2568 D WindowManager: NFW_findFocusedWindowIfNeeded:Window{1152e92 u0 com.infexor.infexor_chat/com.infexor.infexor_chat.MainActivity} mCurrentFocus:Window{1152e92 u0 com.infexor.infexor_chat/com.infexor.infexor_chat.MainActivity}
03-01 22:20:03.088  1132  1132 W VRI[MainActivity]: handleResized abandoned!
03-01 22:20:03.089 29276 29276 W VRI[InputMethod]: updateBlastSurfaceIfNeeded, surfaceSize:Point(720, 1521), lastSurfaceSize:Point(720, 1521), format:-2, blastBufferQueue:null
03-01 22:20:03.098  2585  2585 W VRI[StatusBar]: handleResized abandoned!
03-01 22:20:03.099  2585  2585 W VRI[NavigationBar_displayId_0]: handleResized abandoned!
03-01 22:20:03.103  1132  1132 W VRI[MainActivity]: handleResized abandoned!
03-01 22:20:03.104  2585  2585 W VRI[StatusBar]: handleResized abandoned!
03-01 22:20:03.104  2585  2585 W VRI[NavigationBar_displayId_0]: handleResized abandoned!
03-01 22:20:03.119  2075  2761 I WindowManager: Window{fd5047c u0 InputMethod} state from DRAW_PENDING to COMMIT_DRAW_PENDING; reason: finishDrawingLocked
03-01 22:20:03.121  2075  2106 I WindowManager: Window{fd5047c u0 InputMethod} state from COMMIT_DRAW_PENDING to READY_TO_SHOW; reason: commitFinishDrawingLocked
03-01 22:20:03.123  2075  2089 D OplusAppQuickStart_AppQuickStartController: reportImeDrawnOnTask taskid:1868 mCurrentAppStartingSurface:OplusAppQuickStartingSurface{mSurfaceControl=Surface(name=OplusStartingSurface)/@0xb67b037, @parent:Surface(name=Task=1868)/@0x460f9a4, @request:Task{c3dce55 #1868 type=standard I=com.infexor.infexor_chat/.MainActivity}Rect(0, 0 - 720, 1604), @type:2, shared:false, mActivityRecord=ActivityRecord{6ea6c5e u0 com.infexor.infexor_chat/.MainActivity t1868}, mTask=Task{c3dce55 #1868 type=standard I=com.infexor.infexor_chat/.MainActivity}, mStartFromRecents=false, mStartFromSlide=false, mIsMovingToBack=true}
03-01 22:20:03.125  2075  2089 D WindowManager: setFrameRateStart invalid typeId return!
03-01 22:20:03.126  2075  2105 V WindowStateExtImpl: notifyWindowStateChange input show
03-01 22:20:03.130  2075  2105 I WindowManager: Window{fd5047c u0 InputMethod} state from READY_TO_SHOW to HAS_DRAWN; reason: performShowLocked
03-01 22:20:03.133  1132  1132 W VRI[MainActivity]: handleResized abandoned!
03-01 22:20:03.134  2585  2585 W VRI[StatusBar]: handleResized abandoned!
03-01 22:20:03.134  2585  2585 W VRI[NavigationBar_displayId_0]: handleResized abandoned!
03-01 22:20:03.136  2585  2702 D WindowManagerShell: onKeepClearAreasChanged: restricted={}, unrestricted={Rect(0, 1006 - 720, 1516)}
03-01 22:20:03.143 29276 29276 W VRI[InputMethod]: handleResized abandoned!
03-01 22:20:03.465  2075  2075 W FillRequestEventLogger: Shouldn't be logging AutofillFillRequestReported again for same event
03-01 22:20:03.465  2075  2075 W FillResponseEventLogger: Shouldn't be logging AutofillFillRequestReported again for same event
03-01 22:20:03.465  2075  2075 D AutofillSession: clearPendingIntentLocked
03-01 22:20:03.466  2075  2075 I ServiceConnector.Impl: unbindJobThread: connection = ServiceConnector@70(Intent { act=android.service.autofill.AutofillService cmp=com.google.android.gms/.autofill.service.AutofillService mCallingUid=1000 }, user: 0)[Unbinding...]service = android.service.autofill.IAutoFillService$Stub$Proxy@c463fba mBinding = false
03-01 22:20:03.467  2075  2075 I ServiceConnector.Impl: unbindJobThread: connection = ServiceConnector@403(Intent { act=android.service.autofill.AutofillService cmp=com.android.credentialmanager/.autofill.CredentialAutofillService }, user: 0)[Unbinding...]service = null mBinding = false
03-01 22:20:03.467  2075  2075 E ServiceConnector.Impl: Failed to unbind: java.lang.IllegalArgumentException: Service not registered: ServiceConnector@403(Intent { act=android.service.autofill.AutofillService cmp=com.android.credentialmanager/.autofill.CredentialAutofillService }, user: 0)[Unbinding...]
03-01 22:20:03.750  2075  2170 D PowerManagerService: userActivityNoUpdateLocked: groupId=0, eventTime=834598385, event=touch, flags=0x0, uid=1000
03-01 22:20:03.857  2075  2170 D PowerManagerService: userActivityNoUpdateLocked: groupId=0, eventTime=834598493, event=touch, flags=0x0, uid=1000
03-01 22:20:03.974  2075  2170 D PowerManagerService: userActivityNoUpdateLocked: groupId=0, eventTime=834598610, event=touch, flags=0x0, uid=1000
03-01 22:20:03.977  2075  6699 E TaskPersister: File error accessing recents directory (directory doesn't exist?).
03-01 22:20:04.116  2075  2170 D PowerManagerService: userActivityNoUpdateLocked: groupId=0, eventTime=834598752, event=touch, flags=0x0, uid=1000
03-01 22:20:04.120  2075  2172 D OplusFeatureHDREnhanceBrightness: checkIsPlayingHDR isPlayingHDR=0 rotation=0 whiteApp=false battery=100
03-01 22:20:04.216  2075  2170 D PowerManagerService: userActivityNoUpdateLocked: groupId=0, eventTime=834598852, event=touch, flags=0x0, uid=1000
03-01 22:20:04.340  2075  2170 D PowerManagerService: userActivityNoUpdateLocked: groupId=0, eventTime=834598977, event=touch, flags=0x0, uid=1000
03-01 22:20:04.371  2075  2106 D OplusAppQuickStart_AppQuickStartingSurface: timeout,remove it surfaceControl:Surface(name=OplusStartingSurface)/@0xb67b037, @parent:Surface(name=Task=1868)/@0x460f9a4, @request:Task{c3dce55 #1868 type=standard I=com.infexor.infexor_chat/.MainActivity}Rect(0, 0 - 720, 1604), @type:2, shared:false
03-01 22:20:04.395  2075  2102 D OplusAppQuickStart_AppQuickStartingSurface: StartingSurfaceTimeoutRunnable remove apply
03-01 22:20:04.483  2075  2170 D PowerManagerService: userActivityNoUpdateLocked: groupId=0, eventTime=834599118, event=touch, flags=0x0, uid=1000
03-01 22:20:04.555  2075  2172 D Arc[OplusSmartBrightnessController]: brightness changed!!!finalLux:52.3575, weightLux:55.62, automaticLux:52.3575, lastFinalLux:86.0, lastAutomaticLux:86.0, deviceDirection:Darkening, environmentDirection:Darkening, scene:StableScene, accelerateScale:1.0, updateProcess:[StableForceChange], luxQueue:[54.0, 55.0, 54.0, 57.0], display[-1]:(86.0, 108.023705, 398.10837)->(52.3575, 99.789024, 368.56226), drag:null
03-01 22:20:04.556  2075  2172 D Arc[OplusSmartBrightnessController]: Detailed Statistics:PhoneState{TimeEvent{event:CALENDER_TIME id:1}-22:20:00, LuxEvent{event:MAIN_LUX lux:57.0}, ProximityEvent{event:FAR id:1}, MotionEvent{event:MOTIONLESS id:0}, InOutDoorEvent{event:UNCERTAIN id:2}, DarkModeEvent{event:DARK_MODE id:0}, NetworkEvent{event:MOBILE id:1}}
03-01 22:20:04.556  2075  2172 I OplusSmartBrightnessController: update target brightness point to : display[-1]=(86.0, 108.023705, 398.10837)->(52.3575, 99.789024, 368.56226)
03-01 22:20:04.556  2075  2172 I OplusSmartBrightnessController: onTargetBrightnessChange brightness change to (52.3575, 99.789024, 368.56226)
03-01 22:20:04.556  2075  2172 D Arc[OplusFeatureBrightnessBarController]: BrightnessBarController is not support.
03-01 22:20:04.557  2075  2169 I ColorAutomaticBrightnessController: updateAutoBrightness: Auto, sendUpdate = true adjustment=6490.196289,changed:398->368,modified:368->368->368,changed=true,cameraMode=0,ProximityNear=false
03-01 22:20:04.557  2075  2169 D OplusSmartBrightnessController: setUAD: isRequest=true, event=1008, ret=false
03-01 22:20:04.558  2075  2169 D OplusFeatureHDREnhanceBrightness: setAnimating : displayId[0]=true
03-01 22:20:04.558  2075  2169 D OplusFeatureReduceBrightness: setAnimating : animating = true
03-01 22:20:04.558  2075  2169 D OplusFeatureEdrEnhanceBrightness: setAnimating: true
03-01 22:20:04.558  2075  2169 D OplusFeaturePwEdrEnhanceBrightness: setAnimating: true
03-01 22:20:04.558  2075  2169 D OplusSmartBrightnessController: setUAD: isRequest=true, event=1008, ret=false
03-01 22:20:04.560  2075  2169 D DpcExtImpl[0]: Animating brightness: hdrBrightness target=398->368,sdrBrightness target=398->368,rate=120->24,type=automatic,byUse=false local:4627039422300187648
03-01 22:20:04.560  2075  2169 D OplusDisplayBrightnessModel: new animation!index=[0]=[107.9935->99.6227], is Down animation, Seq = 5, AccelerateScale = 1.0, AdjFreq = 487.53024, SeqPhaseCount=[0, 0, 0]
03-01 22:20:04.561  2075  2169 D OplusDisplayBrightnessModel: new animation!index=[1]=[107.9935->99.6227], is Down animation, Seq = 5, AccelerateScale = 1.0, AdjFreq = 487.53024, SeqPhaseCount=[1, 0, 0]
03-01 22:20:04.583  2075  2170 D PowerManagerService: userActivityNoUpdateLocked: groupId=0, eventTime=834599218, event=touch, flags=0x0, uid=1000
03-01 22:20:04.716  2075  2170 D PowerManagerService: userActivityNoUpdateLocked: groupId=0, eventTime=834599352, event=touch, flags=0x0, uid=1000
03-01 22:20:04.754  2075  2172 D Arc[OplusBrightnessPhoneStateManager]: LuxEvent{event:MAIN_LUX lux:59.0} -> LuxEvent{event:MAIN_LUX lux:59.0}
03-01 22:20:04.754  2075  2172 D Arc[OplusBrightnessSceneAdapter]: Arc scene change!!! StableScene -> NormalScene [erraticScore:-1, stableScore:-1] isLuxRefresh:true
03-01 22:20:04.754  2075  2172 D Arc[OplusBrightnessAmbientAdapter[StabilityProcess]]: updateRangeStrategy: reason[LuxChange SceneChange ] baseLux:52.3575, scene:NormalScene large{11.22625, 234.715} largeForAux{11.22625, 234.715} small{24.421406, 80.293594} hbm{0.0, 11333.0}
03-01 22:20:04.841  2075  2170 D PowerManagerService: userActivityNoUpdateLocked: groupId=0, eventTime=834599476, event=touch, flags=0x0, uid=1000
03-01 22:20:04.954  2075  2172 D Arc[OplusBrightnessPhoneStateManager]: LuxEvent{event:MAIN_LUX lux:58.0} -> LuxEvent{event:MAIN_LUX lux:58.0}
03-01 22:20:04.966  2075  2170 D PowerManagerService: userActivityNoUpdateLocked: groupId=0, eventTime=834599601, event=touch, flags=0x0, uid=1000
03-01 22:20:05.004  2075  2140 D CompatChangeReporter: Compat change id reported: 151861875; UID 10384; state: ENABLED
03-01 22:20:05.017  2075  2132 I ActivityManager: Start proc 1557:com.tul.tatacliq/u0a384 for broadcast {com.tul.tatacliq/com.google.firebase.iid.FirebaseInstanceIdReceiver}
03-01 22:20:05.050  2075  4634 D ActivityTaskManagerServiceExtImpl: preBindApplication record is null
03-01 22:20:05.083  2075  2170 D PowerManagerService: userActivityNoUpdateLocked: groupId=0, eventTime=834599718, event=touch, flags=0x0, uid=1000
03-01 22:20:05.155  2075  2172 D Arc[OplusBrightnessPhoneStateManager]: LuxEvent{event:MAIN_LUX lux:59.0} -> LuxEvent{event:MAIN_LUX lux:59.0}
03-01 22:20:05.354  2075  2172 D Arc[OplusBrightnessPhoneStateManager]: LuxEvent{event:MAIN_LUX lux:58.0} -> LuxEvent{event:MAIN_LUX lux:58.0}
03-01 22:20:05.432  2075  2170 D PowerManagerService: userActivityNoUpdateLocked: groupId=0, eventTime=834600068, event=touch, flags=0x0, uid=1000
03-01 22:20:05.534  1557  1557 I Quality : ActivityThread: createOrUpdateClassLoaderLocked delay 452 com.tul.tatacliq 1557
03-01 22:20:05.544  1557  1557 D ResourcesManagerExtImpl: applyConfigurationToAppResourcesLocked app.getDisplayId() return callback.displayId:-1
03-01 22:20:05.554  2075  2172 D Arc[OplusBrightnessPhoneStateManager]: LuxEvent{event:MAIN_LUX lux:55.0} -> LuxEvent{event:MAIN_LUX lux:55.0}
03-01 22:20:05.560  2075  2169 D OplusFeatureHDREnhanceBrightness: setAnimating : displayId[0]=false
03-01 22:20:05.560  2075  2169 D OplusFeatureReduceBrightness: setAnimating : animating = false
03-01 22:20:05.560  2075  2169 D OplusFeatureEdrEnhanceBrightness: setAnimating: false
03-01 22:20:05.560  2075  2169 D OplusFeaturePwEdrEnhanceBrightness: setAnimating: false
03-01 22:20:05.561  2075  2169 D RampAnimatorExtImpl: onAnimationEnd id[0]=[true,0],changed=[398->398->368],duration:1004,phaseCounts=[2, 58, 0]
03-01 22:20:05.561  2075  2169 D OplusSmartBrightnessController: setUAD: isRequest=false, event=1008, ret=false
03-01 22:20:05.561  2075  2169 D OplusSmartBrightnessController: setUAD: isRequest=false, event=1008, ret=false
03-01 22:20:05.753  2075  2172 D Arc[OplusBrightnessPhoneStateManager]: LuxEvent{event:MAIN_LUX lux:54.0} -> LuxEvent{event:MAIN_LUX lux:54.0}
03-01 22:20:05.841  2075  2529 D OAppNetControlService: Close socket:[10383] cause:App bg(IMMEDIATELY) success!
03-01 22:20:05.841  2075  2529 D OAppNetControlService: Hans update:[10383=true][0|0] blackList:[10383]
03-01 22:20:05.883  2075  2170 D PowerManagerService: userActivityNoUpdateLocked: groupId=0, eventTime=834600518, event=touch, flags=0x0, uid=1000
03-01 22:20:05.954  2075  2172 D Arc[OplusBrightnessPhoneStateManager]: LuxEvent{event:MAIN_LUX lux:55.0} -> LuxEvent{event:MAIN_LUX lux:55.0}
03-01 22:20:06.154  2075  2172 D Arc[OplusBrightnessPhoneStateManager]: LuxEvent{event:MAIN_LUX lux:54.0} -> LuxEvent{event:MAIN_LUX lux:54.0}
03-01 22:20:06.354  2075  2172 D Arc[OplusBrightnessPhoneStateManager]: LuxEvent{event:MAIN_LUX lux:55.0} -> LuxEvent{event:MAIN_LUX lux:55.0}
03-01 22:20:06.554  2075  2172 D Arc[OplusBrightnessPhoneStateManager]: LuxEvent{event:MAIN_LUX lux:55.0} -> LuxEvent{event:MAIN_LUX lux:55.0}
03-01 22:20:06.645  2075  3002 D OplusProxyWakeLock: check proxy worksource [ 10370] failed, reason:TAG_NULL ,tag: *job*
03-01 22:20:06.960  2075  2089 D ClipboardService: clipboardAccessAllowed: op=29 result=true callingPackage=com.infexor.infexor_chat
03-01 22:20:06.966  2075  2089 D ClipboardService: clipboardAccessAllowed: op=29 result=true callingPackage=com.infexor.infexor_chat
03-01 22:20:06.968  2075  4634 D ClipboardService: clipboardAccessAllowed: op=29 result=true callingPackage=com.infexor.infexor_chat
03-01 22:20:06.969  2075  2089 D ClipboardService: clipboardAccessAllowed: op=29 result=true callingPackage=com.infexor.infexor_chat
03-01 22:20:06.970  2075  4634 D ClipboardService: clipboardAccessAllowed: op=29 result=true callingPackage=com.infexor.infexor_chat
03-01 22:20:06.972  2075  2568 D ClipboardService: clipboardAccessAllowed: op=29 result=true callingPackage=com.infexor.infexor_chat
03-01 22:20:06.995  2075  2568 D WindowManagerServiceExtImpl: extractConfigInfoAndRealFlags rotation=0, screenDp=360, residentWS:0, win=Window{fd5047c u0 InputMethod}
03-01 22:20:06.997  2075  2568 V WindowManager: Relayout Window{fd5047c u0 InputMethod}: viewVisibility=0, oldvis=0, req=720x1521, vsysui=, x=0, y=0
03-01 22:20:07.001 29276 29276 W VRI[InputMethod]: updateBlastSurfaceIfNeeded, surfaceSize:Point(720, 1521), lastSurfaceSize:Point(720, 1521), format:-2, blastBufferQueue:android.graphics.BLASTBufferQueue@1a57609
03-01 22:20:07.044  1132  1132 D VRI[MainActivity]: relayoutWindow result, sizeChanged:false, surfaceControlChanged:false, transformHintChanged:false, mSurfaceSize:Point(720, 1604), mLastSurfaceSize:Point(720, 1604), mWidth:720, mHeight:1604, requestedWidth:720, requestedHeight:1604, transformHint:0, installOrientation:0, displayRotation:0, isSurfaceValid:true, attr.flag:-2122252032, tmpFrames:ClientWindowFrames{frame=[0,0][720,1604] display=[0,0][720,1604] parentFrame=[0,0][720,1604]}, relayoutAsync:true, mSyncSeqId:0
03-01 22:20:07.045  1132  1132 W VRI[MainActivity]: updateBlastSurfaceIfNeeded, surfaceSize:Point(720, 1604), lastSurfaceSize:Point(720, 1604), format:-3, blastBufferQueue:android.graphics.BLASTBufferQueue@86621cc
03-01 22:20:07.045  2075  2089 D WindowManagerServiceExtImpl: extractConfigInfoAndRealFlags rotation=0, screenDp=360, residentWS:0, win=Window{1152e92 u0 com.infexor.infexor_chat/com.infexor.infexor_chat.MainActivity}
03-01 22:20:07.045  2075  2089 V WindowManager: Relayout Window{1152e92 u0 com.infexor.infexor_chat/com.infexor.infexor_chat.MainActivity}: viewVisibility=0, oldvis=0, req=720x1604, vsysui=LAYOUT_STABLE LAYOUT_FULLSCREEN, x=0, y=0
03-01 22:20:07.048  2075  2089 I TaskOrganizerController: onTaskInfoChanged taskid 1868 config { mBounds=Rect(0, 0 - 720, 1604) mAppBounds=Rect(0, 0 - 720, 1604) mMaxBounds=Rect(0, 0 - 720, 1604) mDisplayRotation=ROTATION_0 mWindowingMode=fullscreen mActivityType=standard mAlwaysOnTop=undefined mRotation=ROTATION_0}
